[2013/3/29 13:25:47] 未发现卡
[2013/3/29 13:26:15] 未发现卡
[2013/4/1 9:56:15] 设备正常，设备大小为 7441 M.
[2013/4/1 9:56:37] 正在格式化卡....
[2013/4/1 9:56:47] 开始烧写...
[2013/4/1 9:56:47] [烧写第一部分]烧写完成
[2013/4/1 9:56:48] [烧写第五部分]烧写完成
[2013/4/1 9:56:49] [烧写第六部分]烧写完成
[2013/4/1 9:56:50] [MBR]烧写完成
[2013/4/1 9:56:54] [bootloader]烧写完成
[2013/4/1 10:0:17] [IMG File]烧写完成
[2013/4/1 10:0:20] [DATA File]烧写完成
[2013/4/1 10:0:20] [烧写第一部分]检验完成
[2013/4/1 10:0:20] [烧写第五部分]检验完成
[2013/4/1 10:0:20] [烧写第六部分]检验完成
[2013/4/1 10:0:20] [MBR]检验完成
[2013/4/1 10:0:21] [bootloader]检验完成
[2013/4/1 10:1:21] [IMG File]检验完成
[2013/4/1 10:1:21] [DATA File]检验完成
[2013/4/1 10:1:21] magic完成
[2013/4/1 10:1:21] 烧写结束...
[2013/4/1 11:54:28] 设备正常，设备大小为 6818 M.
[2013/4/1 11:54:31] 正在格式化卡....
[2013/4/1 11:54:39] 开始烧写...
[2013/4/1 11:54:40] [烧写第一部分]烧写完成
[2013/4/1 11:54:41] [烧写第五部分]烧写完成
[2013/4/1 11:54:42] [烧写第六部分]烧写完成
[2013/4/1 11:54:43] [MBR]烧写完成
[2013/4/1 11:54:47] [bootloader]烧写完成
[2013/4/1 11:57:53] [IMG File]烧写完成
[2013/4/1 11:57:57] [DATA File]烧写完成
[2013/4/1 11:57:57] [烧写第一部分]检验完成
[2013/4/1 11:57:57] [烧写第五部分]检验完成
[2013/4/1 11:57:57] [烧写第六部分]检验完成
[2013/4/1 11:57:57] [MBR]检验完成
[2013/4/1 11:57:57] [bootloader]检验完成
[2013/4/1 11:58:58] [IMG File]检验完成
[2013/4/1 11:58:58] [DATA File]检验完成
[2013/4/1 11:58:59] magic完成
[2013/4/1 11:58:59] 烧写结束...
[2013/4/1 11:59:40] 未发现卡
[2013/4/1 12:37:8] 设备正常，设备大小为 6818 M.
[2013/4/1 12:37:14] 正在格式化卡....
[2013/4/1 12:37:23] 开始烧写...
[2013/4/1 12:37:23] [烧写第一部分]烧写完成
[2013/4/1 12:37:24] [烧写第五部分]烧写完成
[2013/4/1 12:37:25] [烧写第六部分]烧写完成
[2013/4/1 12:37:26] [MBR]烧写完成
[2013/4/1 12:37:30] [bootloader]烧写完成
[2013/4/1 12:40:33] [IMG File]烧写完成
[2013/4/1 12:40:36] [DATA File]烧写完成
[2013/4/1 12:40:36] [烧写第一部分]检验完成
[2013/4/1 12:40:36] [烧写第五部分]检验完成
[2013/4/1 12:40:36] [烧写第六部分]检验完成
[2013/4/1 12:40:36] [MBR]检验完成
[2013/4/1 12:40:37] [bootloader]检验完成
[2013/4/1 12:41:37] [IMG File]检验完成
[2013/4/1 12:41:37] [DATA File]检验完成
[2013/4/1 12:41:37] magic完成
[2013/4/1 12:41:37] 烧写结束...
[2013/4/1 12:41:48] 未发现卡
[2013/4/1 12:42:42] 设备正常，设备大小为 3712 M.
[2013/4/1 12:43:1] 正在格式化卡....
[2013/4/1 12:43:7] 开始烧写...
[2013/4/1 12:43:7] [烧写第一部分]烧写完成
[2013/4/1 12:43:8] [烧写第五部分]烧写完成
[2013/4/1 12:43:9] [烧写第六部分]烧写完成
[2013/4/1 12:43:10] [MBR]烧写完成
[2013/4/1 12:43:13] [bootloader]烧写完成
[2013/4/1 12:44:47] [IMG File]烧写完成
[2013/4/1 12:44:49] [DATA File]烧写完成
[2013/4/1 12:44:49] [烧写第一部分]检验完成
[2013/4/1 12:44:49] [烧写第五部分]检验完成
[2013/4/1 12:44:49] [烧写第六部分]检验完成
[2013/4/1 12:44:49] [MBR]检验完成
[2013/4/1 12:44:50] [bootloader]检验完成
[2013/4/1 12:45:21] [IMG File]检验完成
[2013/4/1 12:45:21] [DATA File]检验完成
[2013/4/1 12:45:21] magic完成
[2013/4/1 12:45:21] 烧写结束...
[2013/4/7 18:31:58] 设备正常，设备大小为 7466 M.
[2013/4/11 17:1:8] 设备正常，设备大小为 3361 M.
[2013/4/11 17:1:46] 正在格式化卡....
[2013/4/11 17:1:52] 开始烧写...
[2013/4/11 17:1:53] [烧写第一部分]烧写完成
[2013/4/11 17:1:54] [烧写第五部分]烧写完成
[2013/4/11 17:1:55] [烧写第六部分]烧写完成
[2013/4/11 17:1:56] [MBR]烧写完成
[2013/4/11 17:1:59] [bootloader]烧写完成
[2013/4/11 17:3:33] [IMG File]烧写完成
[2013/4/11 17:3:35] [DATA File]烧写完成
[2013/4/11 17:3:35] [烧写第一部分]检验完成
[2013/4/11 17:3:35] [烧写第五部分]检验完成
[2013/4/11 17:3:35] [烧写第六部分]检验完成
[2013/4/11 17:3:35] [MBR]检验完成
[2013/4/11 17:3:36] [bootloader]检验完成
[2013/4/11 17:4:8] [IMG File]检验完成
[2013/4/11 17:4:8] [DATA File]检验完成
[2013/4/11 17:4:8] magic完成
[2013/4/11 17:4:8] 烧写结束...
[2013/4/19 14:0:38] 设备正常
[2013/4/19 14:1:2] 设备正常
[2013/4/19 14:1:5] 未发现卡
[2013/4/19 14:1:8] 设备正常
[2013/4/19 14:1:10] 未发现卡
[2013/4/19 14:1:15] 设备正常
[2013/4/27 21:1:20] 设备正常，设备大小为 1629 M.
[2013/4/27 21:1:38] 正在格式化卡....
[2013/4/27 21:2:1] 未发现卡
[2013/4/27 21:2:23] 设备正常
[2013/4/27 21:2:32] 正在格式化卡....
[2013/4/27 21:3:59] 开始烧写...
[2013/4/27 21:4:30] [烧写第一部分]烧写完成
[2013/4/27 21:5:35] [烧写第五部分]烧写完成
[2013/4/27 21:6:12] [烧写第六部分]烧写完成
[2013/4/27 21:7:3] [MBR]烧写完成
[2013/4/27 21:7:50] [bootloader]烧写完成
[2013/4/27 21:8:18] [env]烧写完成
[2013/4/27 21:8:51] [boot]烧写完成
[2013/4/27 21:11:56] 处理出错
[2013/4/27 21:11:57] 未发现卡
[2013/4/27 21:12:1] 设备正常，设备大小为 1874 M.
[2013/4/27 21:12:2] 正在格式化卡到正常状态....
[2013/4/27 21:12:6] 格式化卡到正常状态成功
[2013/4/27 21:12:9] 正在格式化卡....
[2013/4/27 21:12:16] 开始烧写...
[2013/4/27 21:12:18] [烧写第一部分]烧写完成
[2013/4/27 21:12:19] [烧写第五部分]烧写完成
[2013/4/27 21:12:20] [烧写第六部分]烧写完成
[2013/4/27 21:12:21] [MBR]烧写完成
[2013/4/27 21:12:24] [bootloader]烧写完成
[2013/4/27 21:12:25] [env]烧写完成
[2013/4/27 21:12:30] [boot]烧写完成
[2013/4/27 21:13:20] [rootfs]烧写完成
[2013/4/27 21:13:22] [DATA File]烧写完成
[2013/4/27 21:13:22] [烧写第一部分]检验完成
[2013/4/27 21:13:22] [烧写第五部分]检验完成
[2013/4/27 21:13:22] [烧写第六部分]检验完成
[2013/4/27 21:13:22] [MBR]检验完成
[2013/4/27 21:13:22] [bootloader]检验完成
[2013/4/27 21:13:22] [env]检验完成
[2013/4/27 21:13:22] [boot]检验完成
[2013/4/27 21:13:22] [rootfs]检验完成
[2013/4/27 21:13:22] [DATA File]检验完成
[2013/4/27 21:13:23] magic完成
[2013/4/27 21:13:23] 烧写结束...
[2013/4/28 12:16:49] 未发现卡
[2013/5/7 11:13:44] 发现有3个存储设备，请选择正确的存储设备
[2013/5/8 14:59:51] 未发现卡
[2013/5/8 15:0:45] 设备正常，设备大小为 3358 M.
[2013/5/8 15:1:10] 正在格式化卡....
[2013/5/8 15:1:16] 开始烧写...
[2013/5/8 15:1:17] [烧写第一部分]烧写完成
[2013/5/8 15:1:18] [烧写第五部分]烧写完成
[2013/5/8 15:1:19] [烧写第六部分]烧写完成
[2013/5/8 15:1:20] [MBR]烧写完成
[2013/5/8 15:1:23] [bootloader]烧写完成
[2013/5/8 15:3:41] [IMG File]烧写完成
[2013/5/8 15:3:43] [DATA File]烧写完成
[2013/5/8 15:3:43] [烧写第一部分]检验完成
[2013/5/8 15:3:43] [烧写第五部分]检验完成
[2013/5/8 15:3:43] [烧写第六部分]检验完成
[2013/5/8 15:3:43] [MBR]检验完成
[2013/5/8 15:3:44] [bootloader]检验完成
[2013/5/8 15:4:30] [IMG File]检验完成
[2013/5/8 15:4:31] [DATA File]检验完成
[2013/5/8 15:4:31] magic完成
[2013/5/8 15:4:31] 烧写结束...
[2013/5/9 11:46:58] 设备正常，设备大小为 3212 M.
[2013/5/9 11:47:0] 正在格式化卡到正常状态....
[2013/5/9 11:47:3] 格式化卡到正常状态成功
[2013/5/9 12:20:30] 发现有3个存储设备，请选择正确的存储设备
[2013/5/9 12:20:57] 正在格式化卡....
[2013/5/9 12:21:3] 开始烧写...
[2013/5/9 12:21:4] [烧写第一部分]烧写完成
[2013/5/9 12:21:5] [烧写第五部分]烧写完成
[2013/5/9 12:21:6] [烧写第六部分]烧写完成
[2013/5/9 12:21:7] [MBR]烧写完成
[2013/5/9 12:21:10] [bootloader]烧写完成
[2013/5/9 12:23:3] [IMG File]烧写完成
[2013/5/9 12:23:5] [DATA File]烧写完成
[2013/5/9 12:23:5] [烧写第一部分]检验完成
[2013/5/9 12:23:5] [烧写第五部分]检验完成
[2013/5/9 12:23:5] [烧写第六部分]检验完成
[2013/5/9 12:23:5] [MBR]检验完成
[2013/5/9 12:23:6] [bootloader]检验完成
[2013/5/9 12:23:48] [IMG File]检验完成
[2013/5/9 12:23:48] [DATA File]检验完成
[2013/5/9 12:23:49] magic完成
[2013/5/9 12:23:49] 烧写结束...
[2013/5/9 12:38:54] 设备正常，设备大小为 6818 M.
[2013/5/9 12:39:2] 正在格式化卡到正常状态....
[2013/5/9 12:39:8] 格式化卡到正常状态成功
[2013/5/9 12:39:10] 正在格式化卡....
[2013/5/9 12:39:17] 开始烧写...
[2013/5/9 12:39:18] [烧写第一部分]烧写完成
[2013/5/9 12:39:20] [烧写第五部分]烧写完成
[2013/5/9 12:39:21] [烧写第六部分]烧写完成
[2013/5/9 12:39:22] [MBR]烧写完成
[2013/5/9 12:39:26] [bootloader]烧写完成
[2013/5/9 12:41:15] [IMG File]烧写完成
[2013/5/9 12:41:18] [DATA File]烧写完成
[2013/5/9 12:41:18] [烧写第一部分]检验完成
[2013/5/9 12:41:18] [烧写第五部分]检验完成
[2013/5/9 12:41:18] [烧写第六部分]检验完成
[2013/5/9 12:41:18] [MBR]检验完成
[2013/5/9 12:41:19] [bootloader]检验完成
[2013/5/9 12:41:57] [IMG File]检验完成
[2013/5/9 12:41:57] [DATA File]检验完成
[2013/5/9 12:41:57] magic完成
[2013/5/9 12:41:57] 烧写结束...
[2013/5/9 12:42:53] 未发现卡
[2013/5/9 12:49:9] 设备正常，设备大小为 7054 M.
[2013/5/9 13:14:26] 设备正常，设备大小为 3716 M.
[2013/5/9 13:14:29] 正在格式化卡到正常状态....
[2013/5/9 13:14:32] 格式化卡到正常状态成功
[2013/5/9 13:14:52] 正在格式化卡....
[2013/5/9 13:14:57] 开始烧写...
[2013/5/9 13:14:57] [烧写第一部分]烧写完成
[2013/5/9 13:14:59] [烧写第五部分]烧写完成
[2013/5/9 13:14:59] [烧写第六部分]烧写完成
[2013/5/9 13:15:0] [MBR]烧写完成
[2013/5/9 13:15:4] [bootloader]烧写完成
[2013/5/9 13:16:50] [IMG File]烧写完成
[2013/5/9 13:16:51] [DATA File]烧写完成
[2013/5/9 13:16:51] [烧写第一部分]检验完成
[2013/5/9 13:16:51] [烧写第五部分]检验完成
[2013/5/9 13:16:51] [烧写第六部分]检验完成
[2013/5/9 13:16:51] [MBR]检验完成
[2013/5/9 13:16:52] [bootloader]检验完成
[2013/5/9 13:17:28] [IMG File]检验完成
[2013/5/9 13:17:29] [DATA File]检验完成
[2013/5/9 13:17:29] magic完成
[2013/5/9 13:17:29] 烧写结束...
[2013/5/9 13:18:53] 未发现卡
[2013/5/10 15:15:44] 未发现卡
[2013/5/10 15:16:6] 设备正常，设备大小为 3321 M.
[2013/5/10 15:16:25] 正在格式化卡....
[2013/5/10 15:16:33] 开始烧写...
[2013/5/10 15:16:33] [烧写第一部分]烧写完成
[2013/5/10 15:16:34] [烧写第五部分]烧写完成
[2013/5/10 15:16:35] [烧写第六部分]烧写完成
[2013/5/10 15:16:36] [MBR]烧写完成
[2013/5/10 15:16:40] [bootloader]烧写完成
[2013/5/10 15:16:41] [env]烧写完成
[2013/5/10 15:16:45] [boot]烧写完成
[2013/5/10 15:17:26] [rootfs]烧写完成
[2013/5/10 15:17:27] [DATA File]烧写完成
[2013/5/10 15:17:27] [烧写第一部分]检验完成
[2013/5/10 15:17:27] [烧写第五部分]检验完成
[2013/5/10 15:17:27] [烧写第六部分]检验完成
[2013/5/10 15:17:27] [MBR]检验完成
[2013/5/10 15:17:27] [bootloader]检验完成
[2013/5/10 15:17:27] [env]检验完成
[2013/5/10 15:17:27] [boot]检验完成
[2013/5/10 15:17:28] [rootfs]检验完成
[2013/5/10 15:17:28] [DATA File]检验完成
[2013/5/10 15:17:28] magic完成
[2013/5/10 15:17:28] 烧写结束...
[2013/5/10 15:18:41] 未发现卡
[2013/5/10 15:34:11] 设备正常，设备大小为 3104 M.
[2013/5/10 15:34:13] 正在格式化卡....
[2013/5/10 15:34:21] 开始烧写...
[2013/5/10 15:34:22] [烧写第一部分]烧写完成
[2013/5/10 15:34:23] [烧写第五部分]烧写完成
[2013/5/10 15:34:24] [烧写第六部分]烧写完成
[2013/5/10 15:34:25] [MBR]烧写完成
[2013/5/10 15:34:28] [bootloader]烧写完成
[2013/5/10 15:34:29] [env]烧写完成
[2013/5/10 15:34:34] [boot]烧写完成
[2013/5/10 15:35:15] [rootfs]烧写完成
[2013/5/10 15:35:16] [DATA File]烧写完成
[2013/5/10 15:35:16] [烧写第一部分]检验完成
[2013/5/10 15:35:16] [烧写第五部分]检验完成
[2013/5/10 15:35:16] [烧写第六部分]检验完成
[2013/5/10 15:35:16] [MBR]检验完成
[2013/5/10 15:35:16] [bootloader]检验完成
[2013/5/10 15:35:16] [env]检验完成
[2013/5/10 15:35:16] [boot]检验完成
[2013/5/10 15:35:16] [rootfs]检验完成
[2013/5/10 15:35:16] [DATA File]检验完成
[2013/5/10 15:35:17] magic完成
[2013/5/10 15:35:17] 烧写结束...
[2013/5/10 16:25:52] 设备正常，设备大小为 3104 M.
[2013/5/10 16:25:57] 正在格式化卡....
[2013/5/10 16:26:5] 开始烧写...
[2013/5/10 16:26:6] [烧写第一部分]烧写完成
[2013/5/10 16:26:7] [烧写第五部分]烧写完成
[2013/5/10 16:26:8] [烧写第六部分]烧写完成
[2013/5/10 16:26:9] [MBR]烧写完成
[2013/5/10 16:26:12] [bootloader]烧写完成
[2013/5/10 16:26:14] [env]烧写完成
[2013/5/10 16:26:18] [boot]烧写完成
[2013/5/10 16:26:59] [rootfs]烧写完成
[2013/5/10 16:27:1] [DATA File]烧写完成
[2013/5/10 16:27:1] [烧写第一部分]检验完成
[2013/5/10 16:27:1] [烧写第五部分]检验完成
[2013/5/10 16:27:1] [烧写第六部分]检验完成
[2013/5/10 16:27:1] [MBR]检验完成
[2013/5/10 16:27:1] [bootloader]检验完成
[2013/5/10 16:27:1] [env]检验完成
[2013/5/10 16:27:1] [boot]检验完成
[2013/5/10 16:27:2] [rootfs]检验完成
[2013/5/10 16:27:2] [DATA File]检验完成
[2013/5/10 16:27:2] magic完成
[2013/5/10 16:27:2] 烧写结束...
[2013/5/10 16:30:41] 设备正常，设备大小为 3104 M.
[2013/5/10 16:30:43] 正在格式化卡....
[2013/5/10 16:30:50] 开始烧写...
[2013/5/10 16:30:51] [烧写第一部分]烧写完成
[2013/5/10 16:30:52] [烧写第五部分]烧写完成
[2013/5/10 16:30:53] [烧写第六部分]烧写完成
[2013/5/10 16:30:55] [MBR]烧写完成
[2013/5/10 16:30:58] [bootloader]烧写完成
[2013/5/10 16:30:59] [env]烧写完成
[2013/5/10 16:31:3] [boot]烧写完成
[2013/5/10 16:31:44] [rootfs]烧写完成
[2013/5/10 16:31:46] [DATA File]烧写完成
[2013/5/10 16:31:46] [烧写第一部分]检验完成
[2013/5/10 16:31:46] [烧写第五部分]检验完成
[2013/5/10 16:31:46] [烧写第六部分]检验完成
[2013/5/10 16:31:46] [MBR]检验完成
[2013/5/10 16:31:46] [bootloader]检验完成
[2013/5/10 16:31:46] [env]检验完成
[2013/5/10 16:31:46] [boot]检验完成
[2013/5/10 16:31:47] [rootfs]检验完成
[2013/5/10 16:31:47] [DATA File]检验完成
[2013/5/10 16:31:47] magic完成
[2013/5/10 16:31:47] 烧写结束...
[2013/5/10 16:32:11] 正在格式化卡....
[2013/5/10 16:32:18] 开始烧写...
[2013/5/10 16:32:19] [烧写第一部分]烧写完成
[2013/5/10 16:32:20] [烧写第五部分]烧写完成
[2013/5/10 16:32:21] [烧写第六部分]烧写完成
[2013/5/10 16:32:22] [MBR]烧写完成
[2013/5/10 16:32:25] [bootloader]烧写完成
[2013/5/10 16:32:26] [env]烧写完成
[2013/5/10 16:32:31] [boot]烧写完成
[2013/5/10 16:33:11] [rootfs]烧写完成
[2013/5/10 16:33:13] [DATA File]烧写完成
[2013/5/10 16:33:13] [烧写第一部分]检验完成
[2013/5/10 16:33:13] [烧写第五部分]检验完成
[2013/5/10 16:33:13] [烧写第六部分]检验完成
[2013/5/10 16:33:13] [MBR]检验完成
[2013/5/10 16:33:13] [bootloader]检验完成
[2013/5/10 16:33:13] [env]检验完成
[2013/5/10 16:33:13] [boot]检验完成
[2013/5/10 16:33:13] [rootfs]检验完成
[2013/5/10 16:33:13] [DATA File]检验完成
[2013/5/10 16:33:14] magic完成
[2013/5/10 16:33:14] 烧写结束...
[2013/5/10 17:39:20] 设备正常，设备大小为 3104 M.
[2013/5/10 17:39:46] 正在格式化卡....
[2013/5/10 17:39:52] 开始烧写...
[2013/5/10 17:39:52] [烧写第一部分]烧写完成
[2013/5/10 17:39:54] [烧写第五部分]烧写完成
[2013/5/10 17:39:54] [烧写第六部分]烧写完成
[2013/5/10 17:39:55] [MBR]烧写完成
[2013/5/10 17:39:58] [bootloader]烧写完成
[2013/5/10 17:41:47] [IMG File]烧写完成
[2013/5/10 17:41:49] [DATA File]烧写完成
[2013/5/10 17:41:49] [烧写第一部分]检验完成
[2013/5/10 17:41:49] [烧写第五部分]检验完成
[2013/5/10 17:41:49] [烧写第六部分]检验完成
[2013/5/10 17:41:49] [MBR]检验完成
[2013/5/10 17:41:50] [bootloader]检验完成
[2013/5/10 17:42:28] [IMG File]检验完成
[2013/5/10 17:42:28] [DATA File]检验完成
[2013/5/10 17:42:29] magic完成
[2013/5/10 17:42:29] 烧写结束...
[2013/5/13 11:56:31] 设备正常，设备大小为 3321 M.
[2013/5/13 11:56:55] 正在格式化卡....
[2013/5/13 11:57:1] 开始烧写...
[2013/5/13 11:57:2] [烧写第一部分]烧写完成
[2013/5/13 11:57:3] [烧写第五部分]烧写完成
[2013/5/13 11:57:4] [烧写第六部分]烧写完成
[2013/5/13 11:57:5] [MBR]烧写完成
[2013/5/13 11:57:9] [bootloader]烧写完成
[2013/5/13 11:58:57] [IMG File]烧写完成
[2013/5/13 11:58:59] [DATA File]烧写完成
[2013/5/13 11:58:59] [烧写第一部分]检验完成
[2013/5/13 11:58:59] [烧写第五部分]检验完成
[2013/5/13 11:58:59] [烧写第六部分]检验完成
[2013/5/13 11:58:59] [MBR]检验完成
[2013/5/13 11:59:0] [bootloader]检验完成
[2013/5/13 11:59:39] [IMG File]检验完成
[2013/5/13 11:59:39] [DATA File]检验完成
[2013/5/13 11:59:40] magic完成
[2013/5/13 11:59:40] 烧写结束...
[2013/5/13 12:2:14] 未发现卡
[2013/5/14 12:56:35] 未发现卡
[2013/5/14 13:1:58] 未发现卡
[2013/5/14 13:18:31] 未发现卡
[2013/5/14 13:18:56] 设备正常，设备大小为 15098 M.
[2013/5/14 13:19:7] 正在格式化卡....
[2013/5/14 13:19:14] 开始烧写...
[2013/5/14 13:19:15] [烧写第一部分]烧写完成
[2013/5/14 13:19:15] [烧写第五部分]烧写完成
[2013/5/14 13:19:16] [烧写第六部分]烧写完成
[2013/5/14 13:19:17] [MBR]烧写完成
[2013/5/14 13:19:19] [bootloader]烧写完成
[2013/5/14 13:19:21] [IMG File]烧写完成
[2013/5/14 13:19:24] [DATA File]烧写完成
[2013/5/14 13:19:24] [烧写第一部分]检验完成
[2013/5/14 13:19:24] [烧写第五部分]检验完成
[2013/5/14 13:19:24] [烧写第六部分]检验完成
[2013/5/14 13:19:24] [MBR]检验完成
[2013/5/14 13:19:24] [bootloader]检验完成
[2013/5/14 13:19:24] [IMG File]检验完成
[2013/5/14 13:19:24] [DATA File]检验完成
[2013/5/14 13:19:25] magic完成
[2013/5/14 13:19:25] 烧写结束...
[2013/5/14 13:27:34] 设备正常，设备大小为 3321 M.
[2013/5/14 13:27:36] 正在格式化卡....
[2013/5/14 13:27:42] 开始烧写...
[2013/5/14 13:27:43] [烧写第一部分]烧写完成
[2013/5/14 13:27:44] [烧写第五部分]烧写完成
[2013/5/14 13:27:45] [烧写第六部分]烧写完成
[2013/5/14 13:27:46] [MBR]烧写完成
[2013/5/14 13:27:49] [bootloader]烧写完成
[2013/5/14 13:27:51] [IMG File]烧写完成
[2013/5/14 13:27:53] [DATA File]烧写完成
[2013/5/14 13:27:53] [烧写第一部分]检验完成
[2013/5/14 13:27:53] [烧写第五部分]检验完成
[2013/5/14 13:27:53] [烧写第六部分]检验完成
[2013/5/14 13:27:53] [MBR]检验完成
[2013/5/14 13:27:53] [bootloader]检验完成
[2013/5/14 13:27:53] [IMG File]检验完成
[2013/5/14 13:27:53] [DATA File]检验完成
[2013/5/14 13:27:54] magic完成
[2013/5/14 13:27:54] 烧写结束...
[2013/5/14 17:16:18] 设备正常，设备大小为 242 M.
[2013/5/14 17:16:32] 正在格式化卡....
[2013/5/14 17:16:36] 开始烧写...
[2013/5/14 17:16:36] [烧写第一部分]烧写完成
[2013/5/14 17:16:37] [烧写第五部分]烧写完成
[2013/5/14 17:16:38] [烧写第六部分]烧写完成
[2013/5/14 17:16:39] [MBR]烧写完成
[2013/5/14 17:16:43] [bootloader]烧写完成
[2013/5/14 17:20:38] [IMG File]烧写完成
[2013/5/14 17:20:39] [DATA File]烧写完成
[2013/5/14 17:20:39] [烧写第一部分]检验完成
[2013/5/14 17:20:39] [烧写第五部分]检验完成
[2013/5/14 17:20:39] [烧写第六部分]检验完成
[2013/5/14 17:20:39] [MBR]检验完成
[2013/5/14 17:20:39] [bootloader]检验完成
[2013/5/14 17:20:40] [IMG File]检验完成
[2013/5/14 17:20:40] [DATA File]检验完成
[2013/5/14 17:20:40] magic完成
[2013/5/14 17:20:40] 烧写结束...
[2013/5/15 15:50:24] 设备正常，设备大小为 14961 M.
[2013/5/15 15:51:33] 发现有2个存储设备，请选择正确的存储设备
[2013/5/15 15:51:33] 设备正常，设备大小为 15098 M.
[2013/5/15 15:51:36] 设备正常，设备大小为 15098 M.
[2013/5/15 15:51:40] 正在格式化卡....
[2013/5/15 15:51:45] 开始烧写...
[2013/5/15 15:51:46] [烧写第一部分]烧写完成
[2013/5/15 15:51:47] [烧写第五部分]烧写完成
[2013/5/15 15:51:48] [烧写第六部分]烧写完成
[2013/5/15 15:51:49] [MBR]烧写完成
[2013/5/15 15:51:51] [bootloader]烧写完成
[2013/5/15 15:51:52] [IMG File]烧写完成
[2013/5/15 15:51:54] [DATA File]烧写完成
[2013/5/15 15:51:54] Check error: [MBR] startpos = 40960, PreStep End = 41392
 
[2013/5/15 15:51:54] Please select the image file retry again.
[2013/5/15 15:51:54] magic失败 0
[2013/5/15 15:51:54] 处理出错
[2013/5/17 10:2:4] 发现有3个存储设备，请选择正确的存储设备
[2013/5/17 10:2:59] 设备正常，设备大小为 15085 M.
[2013/5/17 10:3:4] 正在格式化卡....
[2013/5/17 10:3:12] 开始烧写...
[2013/5/17 10:3:13] [烧写第一部分]烧写完成
[2013/5/17 10:3:14] [烧写第五部分]烧写完成
[2013/5/17 10:3:15] [烧写第六部分]烧写完成
[2013/5/17 10:3:16] [MBR]烧写完成
[2013/5/17 10:3:19] [bootloader]烧写完成
[2013/5/17 10:3:20] [env]烧写完成
[2013/5/17 10:3:25] [boot]烧写完成
[2013/5/17 10:4:18] [rootfs]烧写完成
[2013/5/17 10:4:20] [DATA File]烧写完成
[2013/5/17 10:4:20] [烧写第一部分]检验完成
[2013/5/17 10:4:20] [烧写第五部分]检验完成
[2013/5/17 10:4:20] [烧写第六部分]检验完成
[2013/5/17 10:4:20] [MBR]检验完成
[2013/5/17 10:4:20] [bootloader]检验完成
[2013/5/17 10:4:20] [env]检验完成
[2013/5/17 10:4:20] [boot]检验完成
[2013/5/17 10:4:20] [rootfs]检验完成
[2013/5/17 10:4:20] [DATA File]检验完成
[2013/5/17 10:4:21] magic完成
[2013/5/17 10:4:21] 烧写结束...
[2013/5/17 10:51:48] 未发现卡
[2013/5/17 13:51:59] 未发现卡
[2013/5/21 10:6:18] 设备正常，设备大小为 3325 M.
[2013/5/21 10:6:26] 正在格式化卡....
[2013/5/21 10:6:52] 开始烧写...
[2013/5/21 10:6:54] [烧写第一部分]烧写完成
[2013/5/21 10:6:55] [烧写第五部分]烧写完成
[2013/5/21 10:6:55] [烧写第六部分]烧写完成
[2013/5/21 10:6:57] [MBR]烧写完成
[2013/5/21 10:7:0] [bootloader]烧写完成
[2013/5/21 10:7:1] [env]烧写完成
[2013/5/21 10:7:5] [boot]烧写完成
[2013/5/21 10:7:55] [rootfs]烧写完成
[2013/5/21 10:7:57] [DATA File]烧写完成
[2013/5/21 10:7:57] [烧写第一部分]检验完成
[2013/5/21 10:7:57] [烧写第五部分]检验完成
[2013/5/21 10:7:57] [烧写第六部分]检验完成
[2013/5/21 10:7:57] [MBR]检验完成
[2013/5/21 10:7:57] [bootloader]检验完成
[2013/5/21 10:7:57] [env]检验完成
[2013/5/21 10:7:57] [boot]检验完成
[2013/5/21 10:7:58] [rootfs]检验完成
[2013/5/21 10:7:58] [DATA File]检验完成
[2013/5/21 10:7:58] magic完成
[2013/5/21 10:7:58] 烧写结束...
[2013/5/21 10:9:21] 未发现卡
[2013/5/21 10:9:51] 设备正常，设备大小为 7054 M.
[2013/5/21 10:9:55] 正在格式化卡....
[2013/5/21 10:10:5] 开始烧写...
[2013/5/21 10:10:5] [烧写第一部分]烧写完成
[2013/5/21 10:10:6] [烧写第五部分]烧写完成
[2013/5/21 10:10:7] [烧写第六部分]烧写完成
[2013/5/21 10:10:9] [MBR]烧写完成
[2013/5/21 10:10:11] [bootloader]烧写完成
[2013/5/21 10:10:13] [env]烧写完成
[2013/5/21 10:10:17] [boot]烧写完成
[2013/5/21 10:11:9] [rootfs]烧写完成
[2013/5/21 10:11:12] [DATA File]烧写完成
[2013/5/21 10:11:12] [烧写第一部分]检验完成
[2013/5/21 10:11:12] [烧写第五部分]检验完成
[2013/5/21 10:11:12] [烧写第六部分]检验完成
[2013/5/21 10:11:12] [MBR]检验完成
[2013/5/21 10:11:12] [bootloader]检验完成
[2013/5/21 10:11:12] [env]检验完成
[2013/5/21 10:11:12] [boot]检验完成
[2013/5/21 10:11:12] [rootfs]检验完成
[2013/5/21 10:11:12] [DATA File]检验完成
[2013/5/21 10:11:13] magic完成
[2013/5/21 10:11:13] 烧写结束...
[2013/5/21 10:13:7] 未发现卡
[2013/5/21 10:53:30] 未发现卡
[2013/5/23 10:27:59] 设备正常，设备大小为 3655 M.
[2013/5/23 10:29:22] 正在格式化卡....
[2013/5/23 10:29:28] 开始烧写...
[2013/5/23 10:29:29] [烧写第一部分]烧写完成
[2013/5/23 10:29:30] [烧写第五部分]烧写完成
[2013/5/23 10:29:31] [烧写第六部分]烧写完成
[2013/5/23 10:29:32] [MBR]烧写完成
[2013/5/23 10:29:35] [bootloader]烧写完成
[2013/5/23 10:32:11] [IMG File]烧写完成
[2013/5/23 10:32:13] [DATA File]烧写完成
[2013/5/23 10:32:13] [烧写第一部分]检验完成
[2013/5/23 10:32:13] [烧写第五部分]检验完成
[2013/5/23 10:32:13] [烧写第六部分]检验完成
[2013/5/23 10:32:13] [MBR]检验完成
[2013/5/23 10:32:13] [bootloader]检验完成
[2013/5/23 10:33:7] [IMG File]检验完成
[2013/5/23 10:33:7] [DATA File]检验完成
[2013/5/23 10:33:7] magic完成
[2013/5/23 10:33:7] 烧写结束...
[2013/5/23 11:47:57] 设备正常，设备大小为 3152 M.
[2013/5/23 11:48:0] 正在格式化卡....
[2013/5/23 11:48:10] 未发现卡
[2013/5/23 11:49:2] 设备正常
[2013/5/23 11:49:15] 正在格式化卡....
[2013/5/23 11:51:12] 开始烧写...
[2013/5/23 11:51:32] [烧写第一部分]烧写完成
[2013/5/23 11:52:12] [烧写第五部分]烧写完成
[2013/5/23 11:52:44] [烧写第六部分]烧写完成
[2013/5/23 11:53:9] [MBR]烧写完成
[2013/5/23 11:54:13] [bootloader]烧写完成
[2013/5/23 11:57:28] [IMG File]烧写完成
[2013/5/23 11:58:4] [DATA File]烧写完成
[2013/5/23 11:58:4] [烧写第一部分]检验完成
[2013/5/23 11:58:4] [烧写第五部分]检验完成
[2013/5/23 11:58:4] [烧写第六部分]检验完成
[2013/5/23 11:58:4] [MBR]检验完成
[2013/5/23 11:58:5] [bootloader]检验完成
[2013/5/23 11:58:53] [IMG File]检验完成
[2013/5/23 11:58:53] [DATA File]检验完成
[2013/5/23 11:59:42] magic完成
[2013/5/23 11:59:42] 烧写结束...
[2013/5/23 12:30:18] 未发现卡
[2013/5/24 10:24:5] 设备正常，设备大小为 3208 M.
[2013/5/24 10:24:55] 正在格式化卡....
[2013/5/24 10:24:59] 开始烧写...
[2013/5/24 10:25:0] [烧写第一部分]烧写完成
[2013/5/24 10:25:2] [烧写第五部分]烧写完成
[2013/5/24 10:25:2] [烧写第六部分]烧写完成
[2013/5/24 10:25:4] [MBR]烧写完成
[2013/5/24 10:25:6] [bootloader]烧写完成
[2013/5/24 10:27:28] [IMG File]烧写完成
[2013/5/24 10:27:29] [DATA File]烧写完成
[2013/5/24 10:27:29] [烧写第一部分]检验完成
[2013/5/24 10:27:29] [烧写第五部分]检验完成
[2013/5/24 10:27:29] [烧写第六部分]检验完成
[2013/5/24 10:27:29] [MBR]检验完成
[2013/5/24 10:27:30] [bootloader]检验完成
[2013/5/24 10:28:18] [IMG File]检验完成
[2013/5/24 10:28:18] [DATA File]检验完成
[2013/5/24 10:28:19] magic完成
[2013/5/24 10:28:19] 烧写结束...
[2013/5/24 10:28:48] 未发现卡
[2013/5/24 10:28:59] 设备正常，设备大小为 6833 M.
[2013/5/24 10:29:16] 正在格式化卡....
[2013/5/24 10:29:24] 开始烧写...
[2013/5/24 10:29:24] [烧写第一部分]烧写完成
[2013/5/24 10:29:25] [烧写第五部分]烧写完成
[2013/5/24 10:29:26] [烧写第六部分]烧写完成
[2013/5/24 10:29:28] [MBR]烧写完成
[2013/5/24 10:29:31] [bootloader]烧写完成
[2013/5/24 10:31:58] [IMG File]烧写完成
[2013/5/24 10:32:2] [DATA File]烧写完成
[2013/5/24 10:32:2] [烧写第一部分]检验完成
[2013/5/24 10:32:2] [烧写第五部分]检验完成
[2013/5/24 10:32:2] [烧写第六部分]检验完成
[2013/5/24 10:32:2] [MBR]检验完成
[2013/5/24 10:32:3] [bootloader]检验完成
[2013/5/24 10:32:51] [IMG File]检验完成
[2013/5/24 10:32:51] [DATA File]检验完成
[2013/5/24 10:32:51] magic完成
[2013/5/24 10:32:51] 烧写结束...
[2013/5/24 16:51:55] 未发现卡
[2013/5/24 16:52:46] 设备正常，设备大小为 3208 M.
[2013/5/24 16:52:50] 正在格式化卡....
[2013/5/24 16:52:58] 开始烧写...
[2013/5/24 16:52:59] [烧写第一部分]烧写完成
[2013/5/24 16:53:0] [烧写第五部分]烧写完成
[2013/5/24 16:53:1] [烧写第六部分]烧写完成
[2013/5/24 16:53:2] [MBR]烧写完成
[2013/5/24 16:53:5] [bootloader]烧写完成
[2013/5/24 16:53:6] [env]烧写完成
[2013/5/24 16:53:11] [boot]烧写完成
[2013/5/24 16:54:2] [rootfs]烧写完成
[2013/5/24 16:54:4] [DATA File]烧写完成
[2013/5/24 16:54:4] [烧写第一部分]检验完成
[2013/5/24 16:54:4] [烧写第五部分]检验完成
[2013/5/24 16:54:4] [烧写第六部分]检验完成
[2013/5/24 16:54:4] [MBR]检验完成
[2013/5/24 16:54:4] [bootloader]检验完成
[2013/5/24 16:54:4] [env]检验完成
[2013/5/24 16:54:4] [boot]检验完成
[2013/5/24 16:54:4] [rootfs]检验完成
[2013/5/24 16:54:4] [DATA File]检验完成
[2013/5/24 16:54:5] magic完成
[2013/5/24 16:54:5] 烧写结束...
[2013/5/24 16:54:34] 未发现卡
[2013/5/30 15:44:25] 未发现卡
[2013/5/31 17:9:15] 设备正常，设备大小为 6937 M.
[2013/5/31 17:9:19] 正在格式化卡到正常状态....
[2013/5/31 17:9:24] 格式化卡到正常状态成功
[2013/6/8 14:30:11] 设备正常，设备大小为 3451 M.
[2013/6/8 14:30:36] 正在格式化卡....
[2013/6/8 14:30:42] 开始烧写...
[2013/6/8 14:30:42] [烧写第一部分]烧写完成
[2013/6/8 14:30:43] [烧写第五部分]烧写完成
[2013/6/8 14:30:44] [烧写第六部分]烧写完成
[2013/6/8 14:30:46] [MBR]烧写完成
[2013/6/8 14:30:49] [bootloader]烧写完成
[2013/6/8 14:33:9] [IMG File]烧写完成
[2013/6/8 14:33:11] [DATA File]烧写完成
[2013/6/8 14:33:11] [烧写第一部分]检验完成
[2013/6/8 14:33:11] [烧写第五部分]检验完成
[2013/6/8 14:33:11] [烧写第六部分]检验完成
[2013/6/8 14:33:11] [MBR]检验完成
[2013/6/8 14:33:12] [bootloader]检验完成
[2013/6/8 14:33:59] [IMG File]检验完成
[2013/6/8 14:33:59] [DATA File]检验完成
[2013/6/8 14:34:0] magic完成
[2013/6/8 14:34:0] 烧写结束...
[2013/6/13 15:38:14] 设备正常，设备大小为 3716 M.
[2013/6/13 15:38:55] 正在格式化卡....
[2013/6/13 15:39:1] 开始烧写...
[2013/6/13 15:39:2] [烧写第一部分]烧写完成
[2013/6/13 15:39:4] [烧写第五部分]烧写完成
[2013/6/13 15:39:4] [烧写第六部分]烧写完成
[2013/6/13 15:39:5] [MBR]烧写完成
[2013/6/13 15:39:13] [bootloader]烧写完成
[2013/6/13 15:47:59] 未发现卡
[2013/6/13 15:47:59] 处理出错
[2013/6/13 15:48:5] 设备正常，设备大小为 3712 M.
[2013/6/13 15:48:5] 正在格式化卡到正常状态....
[2013/6/13 15:48:27] 格式化卡到正常状态成功
[2013/6/13 15:52:2] 正在格式化卡....
[2013/6/13 15:52:7] 开始烧写...
[2013/6/13 15:52:8] [烧写第一部分]烧写完成
[2013/6/13 15:52:10] [烧写第五部分]烧写完成
[2013/6/13 15:52:10] [烧写第六部分]烧写完成
[2013/6/13 15:52:12] [MBR]烧写完成
[2013/6/13 15:52:20] [bootloader]烧写完成
[2013/6/13 15:57:17] 未发现卡
[2013/6/13 15:57:17] 处理出错
[2013/6/13 15:57:31] 设备正常，设备大小为 3104 M.
[2013/6/13 15:57:37] 正在格式化卡....
[2013/6/13 15:57:41] 开始烧写...
[2013/6/13 15:57:42] [烧写第一部分]烧写完成
[2013/6/13 15:57:44] [烧写第五部分]烧写完成
[2013/6/13 15:57:44] [烧写第六部分]烧写完成
[2013/6/13 15:57:45] [MBR]烧写完成
[2013/6/13 15:57:53] [bootloader]烧写完成
[2013/6/13 16:5:30] 未发现卡
[2013/6/13 16:5:30] 处理出错
[2013/6/13 16:5:34] 设备正常，设备大小为 3712 M.
[2013/6/13 16:5:42] 正在格式化卡....
[2013/6/13 16:5:48] 开始烧写...
[2013/6/13 16:5:49] [烧写第一部分]烧写完成
[2013/6/13 16:5:51] [烧写第五部分]烧写完成
[2013/6/13 16:5:51] [烧写第六部分]烧写完成
[2013/6/13 16:5:52] [MBR]烧写完成
[2013/6/13 16:6:0] [bootloader]烧写完成
[2013/6/13 16:9:27] 未发现卡
[2013/6/13 16:9:27] 处理出错
[2013/6/13 16:19:38] 设备正常，设备大小为 3712 M.
[2013/6/13 16:19:38] 正在格式化卡....
[2013/6/13 16:19:44] 开始烧写...
[2013/6/13 16:19:45] [烧写第一部分]烧写完成
[2013/6/13 16:19:46] [烧写第五部分]烧写完成
[2013/6/13 16:19:47] [烧写第六部分]烧写完成
[2013/6/13 16:19:48] [MBR]烧写完成
[2013/6/13 16:19:51] [bootloader]烧写完成
[2013/6/13 16:21:25] 设备正常，设备大小为 14777 M.
[2013/6/13 16:21:26] 未发现卡
[2013/6/13 16:21:28] 设备正常，设备大小为 14777 M.
[2013/6/13 16:21:29] 未发现卡
[2013/6/13 16:21:31] 设备正常，设备大小为 14777 M.
[2013/6/13 16:21:56] [IMG File]烧写完成
[2013/6/13 16:21:57] [DATA File]烧写完成
[2013/6/13 16:21:57] [烧写第一部分]检验完成
[2013/6/13 16:21:57] [烧写第五部分]检验完成
[2013/6/13 16:21:57] [烧写第六部分]检验完成
[2013/6/13 16:21:57] [MBR]检验完成
[2013/6/13 16:21:57] [bootloader]检验完成
[2013/6/13 16:21:58] [IMG File]检验完成
[2013/6/13 16:21:58] [DATA File]检验完成
[2013/6/13 16:21:59] magic完成
[2013/6/13 16:21:59] 烧写结束...
[2013/6/13 16:22:35] 设备正常，设备大小为 14777 M.
[2013/6/13 16:27:29] 设备正常，设备大小为 3712 M.
[2013/6/13 16:27:37] 正在格式化卡....
[2013/6/13 16:27:43] 开始烧写...
[2013/6/13 16:27:43] [烧写第一部分]烧写完成
[2013/6/13 16:27:45] [烧写第五部分]烧写完成
[2013/6/13 16:27:45] [烧写第六部分]烧写完成
[2013/6/13 16:27:46] [MBR]烧写完成
[2013/6/13 16:27:49] [bootloader]烧写完成
[2013/6/13 16:29:56] [IMG File]烧写完成
[2013/6/13 16:29:57] [DATA File]烧写完成
[2013/6/13 16:29:57] [烧写第一部分]检验完成
[2013/6/13 16:29:57] [烧写第五部分]检验完成
[2013/6/13 16:29:57] [烧写第六部分]检验完成
[2013/6/13 16:29:57] [MBR]检验完成
[2013/6/13 16:29:57] [bootloader]检验完成
[2013/6/13 16:29:58] [IMG File]检验完成
[2013/6/13 16:29:58] [DATA File]检验完成
[2013/6/13 16:29:59] magic完成
[2013/6/13 16:29:59] 烧写结束...
[2013/6/13 16:30:8] 未发现卡
[2013/6/18 11:23:13] 未发现卡
[2013/6/18 11:25:6] 未发现卡
[2013/6/18 17:17:44] 发现有2个存储设备，请选择正确的存储设备
[2013/6/18 20:17:33] 设备正常，设备大小为 3694 M.
[2013/6/18 20:17:38] 设备正常，设备大小为 3694 M.
[2013/6/18 20:17:38] 设备正常，设备大小为 3694 M.
[2013/6/18 20:18:19] 正在格式化卡....
[2013/6/18 20:18:32] 开始烧写...
[2013/6/18 20:18:33] [烧写第一部分]烧写完成
[2013/6/18 20:18:34] [烧写第五部分]烧写完成
[2013/6/18 20:18:36] [MBR]烧写完成
[2013/6/18 20:18:50] [bootloader]烧写完成
[2013/6/18 20:19:9] [IMG File]烧写完成
[2013/6/18 20:19:18] [DATA File]烧写完成
[2013/6/18 20:19:18] [烧写第一部分]检验完成
[2013/6/18 20:19:18] [烧写第五部分]检验完成
[2013/6/18 20:19:18] [MBR]检验完成
[2013/6/18 20:19:21] [bootloader]检验完成
[2013/6/18 20:19:24] 设备正常，设备大小为 3694 M.
[2013/6/18 20:19:24] [IMG File]检验完成
[2013/6/18 20:19:24] 设备正常，设备大小为 3694 M.
[2013/6/18 20:19:25] [DATA File]检验完成
[2013/6/18 20:19:25] magic完成
[2013/6/18 20:19:25] 烧写结束...
[2013/6/18 20:19:38] 正在格式化卡....
[2013/6/18 20:19:50] 开始烧写...
[2013/6/18 20:19:52] [烧写第一部分]烧写完成
[2013/6/18 20:19:53] [烧写第五部分]烧写完成
[2013/6/18 20:19:55] [MBR]烧写完成
[2013/6/18 20:20:9] [bootloader]烧写完成
[2013/6/18 20:20:10] [env]烧写完成
[2013/6/18 20:20:19] [DATA File]烧写完成
[2013/6/18 20:20:19] [烧写第一部分]检验完成
[2013/6/18 20:20:20] [烧写第五部分]检验完成
[2013/6/18 20:20:20] [MBR]检验完成
[2013/6/18 20:20:23] [bootloader]检验完成
[2013/6/18 20:20:23] [env]检验完成
[2013/6/18 20:20:25] [DATA File]检验完成
[2013/6/18 20:20:27] magic完成
[2013/6/18 20:20:27] 烧写结束...
[2013/6/18 20:20:47] 未发现卡
[2013/6/18 20:27:52] 未发现卡
[2013/6/18 20:28:56] 设备正常
[2013/6/18 20:29:45] 设备正常
[2013/6/18 20:30:10] 正在格式化卡....
[2013/6/18 20:32:9] 开始烧写...
[2013/6/18 20:32:10] 设备正常，设备大小为 3770 M.
[2013/6/18 20:32:10] [烧写第一部分]烧写完成
[2013/6/18 20:32:11] 设备正常，设备大小为 3770 M.
[2013/6/18 20:32:12] [烧写第五部分]烧写完成
[2013/6/18 20:32:12] [MBR]烧写完成
[2013/6/18 20:32:17] [bootloader]烧写完成
[2013/6/18 20:32:17] [env]烧写完成
[2013/6/18 20:32:19] [DATA File]烧写完成
[2013/6/18 20:32:19] [烧写第一部分]检验完成
[2013/6/18 20:32:19] [烧写第五部分]检验完成
[2013/6/18 20:32:19] [MBR]检验完成
[2013/6/18 20:32:19] [bootloader]检验完成
[2013/6/18 20:32:19] [env]检验完成
[2013/6/18 20:32:19] [DATA File]检验完成
[2013/6/18 20:32:20] magic完成
[2013/6/18 20:32:20] 烧写结束...
[2013/6/18 20:32:24] 未发现卡
[2013/6/18 20:33:46] 设备正常
[2013/6/18 20:34:19] 正在格式化卡....
[2013/6/18 20:36:28] 开始烧写...
[2013/6/18 20:36:52] 设备正常
[2013/6/18 20:36:53] 未发现卡
[2013/6/18 20:36:54] 处理出错
[2013/6/19 9:49:44] 设备正常，设备大小为 3770 M.
[2013/6/19 9:49:53] 正在格式化卡....
[2013/6/19 9:49:58] 开始烧写...
[2013/6/19 9:49:58] [烧写第一部分]烧写完成
[2013/6/19 9:50:0] [烧写第五部分]烧写完成
[2013/6/19 9:50:0] [MBR]烧写完成
[2013/6/19 9:50:5] [bootloader]烧写完成
[2013/6/19 9:50:12] [IMG File]烧写完成
[2013/6/19 9:50:14] [DATA File]烧写完成
[2013/6/19 9:50:14] [烧写第一部分]检验完成
[2013/6/19 9:50:14] [烧写第五部分]检验完成
[2013/6/19 9:50:14] [MBR]检验完成
[2013/6/19 9:50:16] [bootloader]检验完成
[2013/6/19 9:50:22] [IMG File]检验完成
[2013/6/19 9:50:22] [DATA File]检验完成
[2013/6/19 9:50:22] magic完成
[2013/6/19 9:50:22] 烧写结束...
[2013/6/19 9:51:20] 未发现卡
[2013/6/19 10:22:11] 设备正常
[2013/6/19 10:22:12] 发现有2个存储设备，请选择正确的存储设备
[2013/6/19 10:22:13] 发现有3个存储设备，请选择正确的存储设备
[2013/6/19 10:22:14] 发现有3个存储设备，请选择正确的存储设备
[2013/6/19 10:22:15] 发现有3个存储设备，请选择正确的存储设备
[2013/6/19 10:22:18] 发现有3个存储设备，请选择正确的存储设备
[2013/6/19 10:22:18] 发现有3个存储设备，请选择正确的存储设备
[2013/6/19 10:22:19] 发现有3个存储设备，请选择正确的存储设备
[2013/6/19 10:22:19] 发现有3个存储设备，请选择正确的存储设备
[2013/6/19 10:22:45] 未发现卡
[2013/6/19 13:9:46] 设备正常，设备大小为 3694 M.
[2013/6/19 13:9:46] 设备正常，设备大小为 3694 M.
[2013/6/19 13:9:46] 设备正常，设备大小为 3694 M.
[2013/6/19 13:9:51] 正在格式化卡....
[2013/6/19 13:9:57] 开始烧写...
[2013/6/19 13:9:58] [烧写第一部分]烧写完成
[2013/6/19 13:9:59] [烧写第五部分]烧写完成
[2013/6/19 13:10:0] [MBR]烧写完成
[2013/6/19 13:10:4] [bootloader]烧写完成
[2013/6/19 13:10:12] [IMG File]烧写完成
[2013/6/19 13:10:13] [DATA File]烧写完成
[2013/6/19 13:10:13] [烧写第一部分]检验完成
[2013/6/19 13:10:14] [烧写第五部分]检验完成
[2013/6/19 13:10:14] [MBR]检验完成
[2013/6/19 13:10:16] [bootloader]检验完成
[2013/6/19 13:10:21] [IMG File]检验完成
[2013/6/19 13:10:22] [DATA File]检验完成
[2013/6/19 13:10:22] magic完成
[2013/6/19 13:10:22] 烧写结束...
[2013/6/19 13:10:25] 未发现卡
[2013/6/19 13:20:40] 设备正常，设备大小为 3694 M.
[2013/6/19 13:20:43] 未发现卡
[2013/6/19 13:20:43] 设备正常，设备大小为 3694 M.
[2013/6/19 13:20:43] 设备正常，设备大小为 3694 M.
[2013/6/19 13:20:45] 正在格式化卡....
[2013/6/19 13:20:49] 开始烧写...
[2013/6/19 13:20:50] [烧写第一部分]烧写完成
[2013/6/19 13:20:51] [烧写第五部分]烧写完成
[2013/6/19 13:20:52] [MBR]烧写完成
[2013/6/19 13:20:56] [bootloader]烧写完成
[2013/6/19 13:21:4] [IMG File]烧写完成
[2013/6/19 13:21:6] [DATA File]烧写完成
[2013/6/19 13:21:6] [烧写第一部分]检验完成
[2013/6/19 13:21:6] [烧写第五部分]检验完成
[2013/6/19 13:21:6] [MBR]检验完成
[2013/6/19 13:21:9] [bootloader]检验完成
[2013/6/19 13:21:14] [IMG File]检验完成
[2013/6/19 13:21:14] [DATA File]检验完成
[2013/6/19 13:21:14] magic完成
[2013/6/19 13:21:14] 烧写结束...
[2013/6/19 13:21:17] 未发现卡
[2013/6/19 13:22:30] 设备正常，设备大小为 3694 M.
[2013/6/19 13:22:32] 设备正常，设备大小为 3694 M.
[2013/6/19 13:22:32] 设备正常，设备大小为 3694 M.
[2013/6/19 13:22:35] 正在格式化卡....
[2013/6/19 13:22:40] 开始烧写...
[2013/6/19 13:22:40] [烧写第一部分]烧写完成
[2013/6/19 13:22:41] [烧写第五部分]烧写完成
[2013/6/19 13:22:42] [MBR]烧写完成
[2013/6/19 13:22:46] [bootloader]烧写完成
[2013/6/19 13:22:47] [env]烧写完成
[2013/6/19 13:22:49] [boot]烧写完成
[2013/6/19 13:22:51] [DATA File]烧写完成
[2013/6/19 13:22:51] [烧写第一部分]检验完成
[2013/6/19 13:22:51] [烧写第五部分]检验完成
[2013/6/19 13:22:51] [MBR]检验完成
[2013/6/19 13:22:51] [bootloader]检验完成
[2013/6/19 13:22:51] [env]检验完成
[2013/6/19 13:22:51] [boot]检验完成
[2013/6/19 13:22:51] [DATA File]检验完成
[2013/6/19 13:22:52] magic完成
[2013/6/19 13:22:52] 烧写结束...
[2013/6/19 13:22:55] 未发现卡
[2013/6/19 13:23:33] 设备正常，设备大小为 3617 M.
[2013/6/19 13:23:36] 设备正常，设备大小为 3617 M.
[2013/6/19 13:23:36] 设备正常，设备大小为 3617 M.
[2013/6/19 13:24:22] 正在格式化卡....
[2013/6/19 13:24:25] 开始烧写...
[2013/6/19 13:24:25] [烧写第一部分]烧写完成
[2013/6/19 13:24:27] [烧写第五部分]烧写完成
[2013/6/19 13:24:27] [MBR]烧写完成
[2013/6/19 13:24:35] [bootloader]烧写完成
[2013/6/19 13:24:56] [IMG File]烧写完成
[2013/6/19 13:24:58] [DATA File]烧写完成
[2013/6/19 13:24:58] [烧写第一部分]检验完成
[2013/6/19 13:24:58] [烧写第五部分]检验完成
[2013/6/19 13:24:58] [MBR]检验完成
[2013/6/19 13:25:3] [bootloader]检验完成
[2013/6/19 13:25:6] [IMG File]检验完成
[2013/6/19 13:25:8] [DATA File]检验完成
[2013/6/19 13:25:8] magic完成
[2013/6/19 13:25:8] 烧写结束...
[2013/6/19 13:25:36] 未发现卡
[2013/6/19 13:26:16] 设备正常
[2013/6/19 13:26:19] 设备正常
[2013/6/19 13:26:20] 设备正常
[2013/6/19 13:26:42] 未发现卡
[2013/6/19 13:26:56] 设备正常
[2013/6/19 13:27:22] 未发现卡
[2013/6/19 13:27:28] 设备正常
[2013/6/19 13:27:29] 设备正常
[2013/6/19 13:27:57] 未发现卡
[2013/6/19 13:28:30] 设备正常，设备大小为 3715 M.
[2013/6/19 13:28:33] 设备正常，设备大小为 3715 M.
[2013/6/19 13:28:33] 设备正常，设备大小为 3715 M.
[2013/6/19 13:32:54] 设备正常，设备大小为 3715 M.
[2013/6/19 13:32:54] 设备正常，设备大小为 3715 M.
[2013/6/19 13:36:29] 设备正常，设备大小为 3715 M.
[2013/6/19 13:36:29] 设备正常，设备大小为 3715 M.
[2013/6/19 13:36:29] 设备正常，设备大小为 3715 M.
[2013/6/19 13:36:37] 正在格式化卡....
[2013/6/19 13:36:41] 开始烧写...
[2013/6/19 13:36:42] [烧写第一部分]烧写完成
[2013/6/19 13:36:43] [烧写第五部分]烧写完成
[2013/6/19 13:36:44] [MBR]烧写完成
[2013/6/19 13:36:48] [bootloader]烧写完成
[2013/6/19 13:43:9] [IMG File]烧写完成
[2013/6/19 13:43:11] [DATA File]烧写完成
[2013/6/19 13:43:11] [烧写第一部分]检验完成
[2013/6/19 13:43:11] [烧写第五部分]检验完成
[2013/6/19 13:43:11] [MBR]检验完成
[2013/6/19 13:43:13] [bootloader]检验完成
[2013/6/19 13:43:19] 设备正常，设备大小为 3715 M.
[2013/6/19 13:43:19] 设备正常，设备大小为 3715 M.
[2013/6/19 13:47:54] [IMG File]检验完成
[2013/6/19 13:47:54] [DATA File]检验完成
[2013/6/19 13:47:55] magic完成
[2013/6/19 13:47:55] 烧写结束...
[2013/6/19 13:47:59] 未发现卡
[2013/6/19 14:0:39] 未发现卡
[2013/6/19 14:0:42] 设备正常，设备大小为 3129 M.
[2013/6/19 14:0:45] 设备正常，设备大小为 3129 M.
[2013/6/19 14:0:48] 正在格式化卡....
[2013/6/19 14:0:52] 开始烧写...
[2013/6/19 14:0:53] [烧写第一部分]烧写完成
[2013/6/19 14:0:54] [烧写第五部分]烧写完成
[2013/6/19 14:0:55] [MBR]烧写完成
[2013/6/19 14:0:59] [bootloader]烧写完成
[2013/6/19 14:7:24] [IMG File]烧写完成
[2013/6/19 14:7:26] [DATA File]烧写完成
[2013/6/19 14:7:26] [烧写第一部分]检验完成
[2013/6/19 14:7:26] [烧写第五部分]检验完成
[2013/6/19 14:7:26] [MBR]检验完成
[2013/6/19 14:7:29] [bootloader]检验完成
[2013/6/19 14:7:33] 设备正常，设备大小为 3129 M.
[2013/6/19 14:7:34] 设备正常，设备大小为 3129 M.
[2013/6/19 14:12:14] [IMG File]检验完成
[2013/6/19 14:12:16] [DATA File]检验完成
[2013/6/19 14:12:16] magic完成
[2013/6/19 14:12:16] 烧写结束...
[2013/6/19 14:12:19] 未发现卡
[2013/6/19 15:31:19] 未发现卡
[2013/6/19 15:40:36] 未发现卡
[2013/6/19 15:40:43] 设备正常，设备大小为 3138 M.
[2013/6/19 15:40:44] 未发现卡
[2013/6/19 15:40:45] 未发现卡
[2013/6/19 15:40:46] 未发现卡
[2013/6/19 15:40:46] 设备正常，设备大小为 3138 M.
[2013/6/19 15:40:46] 设备正常，设备大小为 3138 M.
[2013/6/19 15:40:46] 设备正常，设备大小为 3138 M.
[2013/6/19 15:40:46] 设备正常，设备大小为 3138 M.
[2013/6/19 15:40:46] 设备正常，设备大小为 3138 M.
[2013/6/19 15:40:47] 设备正常，设备大小为 3138 M.
[2013/6/19 15:40:51] 正在格式化卡....
[2013/6/19 15:40:54] 未发现卡
[2013/6/19 15:41:20] 设备正常
[2013/6/19 15:41:27] 正在格式化卡....
[2013/6/19 15:42:24] 开始烧写...
[2013/6/19 15:42:54] 设备正常
[2013/6/19 15:42:54] [烧写第一部分]烧写完成
[2013/6/19 15:43:15] [烧写第五部分]烧写完成
[2013/6/19 15:43:42] [MBR]烧写完成
[2013/6/19 15:44:30] [bootloader]烧写完成
[2013/6/19 15:45:3] [IMG File]烧写完成
[2013/6/19 15:45:48] [DATA File]烧写完成
[2013/6/19 15:45:48] [烧写第一部分]检验完成
[2013/6/19 15:45:48] [烧写第五部分]检验完成
[2013/6/19 15:45:48] [MBR]检验完成
[2013/6/19 15:45:50] [bootloader]检验完成
[2013/6/19 15:45:56] [IMG File]检验完成
[2013/6/19 15:45:57] [DATA File]检验完成
[2013/6/19 15:46:28] magic完成
[2013/6/19 15:46:28] 烧写结束...
[2013/6/19 15:46:52] 未发现卡
[2013/6/19 15:46:55] 设备正常，设备大小为 3694 M.
[2013/6/19 15:46:56] 设备正常，设备大小为 3694 M.
[2013/6/19 15:46:57] 设备正常，设备大小为 3694 M.
[2013/6/19 15:46:57] 设备正常，设备大小为 3694 M.
[2013/6/19 15:46:58] 设备正常，设备大小为 3694 M.
[2013/6/19 15:46:59] 正在格式化卡....
[2013/6/19 15:47:3] 开始烧写...
[2013/6/19 15:47:4] [烧写第一部分]烧写完成
[2013/6/19 15:47:5] [烧写第五部分]烧写完成
[2013/6/19 15:47:6] [MBR]烧写完成
[2013/6/19 15:47:10] [bootloader]烧写完成
[2013/6/19 15:47:17] [IMG File]烧写完成
[2013/6/19 15:47:19] [DATA File]烧写完成
[2013/6/19 15:47:19] [烧写第一部分]检验完成
[2013/6/19 15:47:20] [烧写第五部分]检验完成
[2013/6/19 15:47:20] [MBR]检验完成
[2013/6/19 15:47:22] [bootloader]检验完成
[2013/6/19 15:47:27] [IMG File]检验完成
[2013/6/19 15:47:27] [DATA File]检验完成
[2013/6/19 15:47:29] magic完成
[2013/6/19 15:47:29] 烧写结束...
[2013/6/19 15:47:34] 未发现卡
[2013/6/19 15:48:2] 设备正常，设备大小为 3694 M.
[2013/6/19 15:48:5] 设备正常，设备大小为 3694 M.
[2013/6/19 15:48:5] 设备正常，设备大小为 3694 M.
[2013/6/19 15:48:12] 正在格式化卡....
[2013/6/19 15:48:16] 开始烧写...
[2013/6/19 15:48:18] [烧写第一部分]烧写完成
[2013/6/19 15:48:19] [烧写第五部分]烧写完成
[2013/6/19 15:48:20] [MBR]烧写完成
[2013/6/19 15:48:24] [bootloader]烧写完成
[2013/6/19 15:48:25] [env]烧写完成
[2013/6/19 15:48:26] [DATA File]烧写完成
[2013/6/19 15:48:26] [烧写第一部分]检验完成
[2013/6/19 15:48:26] [烧写第五部分]检验完成
[2013/6/19 15:48:26] [MBR]检验完成
[2013/6/19 15:48:26] [bootloader]检验完成
[2013/6/19 15:48:26] [env]检验完成
[2013/6/19 15:48:26] [DATA File]检验完成
[2013/6/19 15:48:26] magic完成
[2013/6/19 15:48:26] 烧写结束...
[2013/6/19 15:48:30] 未发现卡
[2013/6/19 15:48:50] 设备正常
[2013/6/19 15:48:57] 未发现卡
[2013/6/19 15:49:2] 设备正常
[2013/6/19 15:49:3] 未发现卡
[2013/6/19 15:49:3] 设备正常
[2013/6/19 15:51:31] 未发现卡
[2013/6/19 15:57:43] 未发现卡
[2013/6/19 15:57:45] 设备正常，设备大小为 3713 M.
[2013/6/19 15:57:46] 设备正常，设备大小为 3713 M.
[2013/6/19 15:57:57] 正在格式化卡....
[2013/6/19 15:58:0] 开始烧写...
[2013/6/19 15:58:1] [烧写第一部分]烧写完成
[2013/6/19 15:58:2] [烧写第五部分]烧写完成
[2013/6/19 15:58:3] [MBR]烧写完成
[2013/6/19 15:58:7] [bootloader]烧写完成
[2013/6/19 15:58:12] [IMG File]烧写完成
[2013/6/19 15:58:14] [DATA File]烧写完成
[2013/6/19 15:58:14] [烧写第一部分]检验完成
[2013/6/19 15:58:14] [烧写第五部分]检验完成
[2013/6/19 15:58:14] [MBR]检验完成
[2013/6/19 15:58:17] [bootloader]检验完成
[2013/6/19 15:58:20] [IMG File]检验完成
[2013/6/19 15:58:20] [DATA File]检验完成
[2013/6/19 15:58:20] magic完成
[2013/6/19 15:58:20] 烧写结束...
[2013/6/19 15:58:23] 未发现卡
[2013/6/19 15:59:28] 设备正常，设备大小为 3715 M.
[2013/6/19 15:59:31] 设备正常，设备大小为 3715 M.
[2013/6/19 15:59:31] 设备正常，设备大小为 3715 M.
[2013/6/19 15:59:33] 正在格式化卡....
[2013/6/19 15:59:37] 开始烧写...
[2013/6/19 15:59:38] [烧写第一部分]烧写完成
[2013/6/19 15:59:39] [烧写第五部分]烧写完成
[2013/6/19 15:59:40] [MBR]烧写完成
[2013/6/19 15:59:45] [bootloader]烧写完成
[2013/6/19 16:5:41] [IMG File]烧写完成
[2013/6/19 16:5:42] [DATA File]烧写完成
[2013/6/19 16:5:42] [烧写第一部分]检验完成
[2013/6/19 16:5:42] [烧写第五部分]检验完成
[2013/6/19 16:5:42] [MBR]检验完成
[2013/6/19 16:5:45] [bootloader]检验完成
[2013/6/19 16:6:39] 设备正常，设备大小为 3715 M.
[2013/6/19 16:6:40] 设备正常，设备大小为 3715 M.
[2013/6/19 16:10:11] [IMG File]检验完成
[2013/6/19 16:10:11] [DATA File]检验完成
[2013/6/19 16:10:11] magic完成
[2013/6/19 16:10:11] 烧写结束...
[2013/6/19 16:13:34] 未发现卡
[2013/6/22 16:28:19] 设备正常，设备大小为 3138 M.
[2013/6/22 16:28:24] 设备正常，设备大小为 3138 M.
[2013/6/22 16:28:24] 设备正常，设备大小为 3138 M.
[2013/6/22 16:28:37] 设备正常，设备大小为 3138 M.
[2013/6/22 16:28:37] 设备正常，设备大小为 3138 M.
[2013/6/22 16:28:38] 设备正常，设备大小为 3138 M.
[2013/6/22 16:28:39] 正在格式化卡....
[2013/6/22 16:28:53] 开始烧写...
[2013/6/22 16:28:55] [烧写第一部分]烧写完成
[2013/6/22 16:28:55] [烧写第五部分]烧写完成
[2013/6/22 16:28:56] [MBR]烧写完成
[2013/6/22 16:29:9] [bootloader]烧写完成
[2013/6/22 16:39:20] 处理出错
[2013/6/22 16:39:21] 未发现卡
[2013/6/22 16:39:27] 设备正常，设备大小为 3770 M.
[2013/6/22 16:39:29] 未发现卡
[2013/6/22 16:39:29] 未发现卡
[2013/6/22 16:39:29] 未发现卡
[2013/6/22 16:39:30] 未发现卡
[2013/6/22 16:39:30] 设备正常，设备大小为 3770 M.
[2013/6/22 16:39:31] 设备正常，设备大小为 3770 M.
[2013/6/22 16:39:31] 设备正常，设备大小为 3770 M.
[2013/6/22 16:39:32] 设备正常，设备大小为 3770 M.
[2013/6/22 16:39:42] 正在格式化卡....
[2013/6/22 16:39:47] 开始烧写...
[2013/6/22 16:39:48] [烧写第一部分]烧写完成
[2013/6/22 16:39:49] [烧写第五部分]烧写完成
[2013/6/22 16:39:50] [MBR]烧写完成
[2013/6/22 16:39:52] [bootloader]烧写完成
[2013/6/22 16:41:19] [IMG File]烧写完成
[2013/6/22 16:41:20] [DATA File]烧写完成
[2013/6/22 16:41:20] [烧写第一部分]检验完成
[2013/6/22 16:41:20] [烧写第五部分]检验完成
[2013/6/22 16:41:20] [MBR]检验完成
[2013/6/22 16:41:21] [bootloader]检验完成
[2013/6/22 16:41:22] [IMG File]检验完成
[2013/6/22 16:41:22] [DATA File]检验完成
[2013/6/22 16:41:23] magic完成
[2013/6/22 16:41:23] 烧写结束...
[2013/6/22 16:41:39] 未发现卡
[2013/6/22 16:45:17] 设备正常，设备大小为 3129 M.
[2013/6/22 16:45:20] 设备正常，设备大小为 3129 M.
[2013/6/22 16:45:20] 设备正常，设备大小为 3129 M.
[2013/6/22 16:45:44] 正在格式化卡....
[2013/6/22 16:45:48] 开始烧写...
[2013/6/22 16:45:49] [烧写第一部分]烧写完成
[2013/6/22 16:45:50] [烧写第五部分]烧写完成
[2013/6/22 16:45:51] [MBR]烧写完成
[2013/6/22 16:45:53] [bootloader]烧写完成
[2013/6/22 16:48:9] [IMG File]烧写完成
[2013/6/22 16:48:11] [DATA File]烧写完成
[2013/6/22 16:48:11] [烧写第一部分]检验完成
[2013/6/22 16:48:11] [烧写第五部分]检验完成
[2013/6/22 16:48:11] [MBR]检验完成
[2013/6/22 16:48:11] [bootloader]检验完成
[2013/6/22 16:48:49] 设备正常，设备大小为 3129 M.
[2013/6/22 16:48:50] 设备正常，设备大小为 3129 M.
[2013/6/22 16:49:0] [IMG File]检验完成
[2013/6/22 16:49:0] [DATA File]检验完成
[2013/6/22 16:49:1] magic完成
[2013/6/22 16:49:1] 烧写结束...
[2013/6/22 16:49:17] 未发现卡
[2013/6/22 17:14:16] 设备正常，设备大小为 3138 M.
[2013/6/22 17:14:18] 未发现卡
[2013/6/22 17:14:18] 未发现卡
[2013/6/22 17:14:19] 未发现卡
[2013/6/22 17:14:19] 未发现卡
[2013/6/22 17:14:19] 未发现卡
[2013/6/22 17:14:19] 设备正常，设备大小为 3138 M.
[2013/6/22 17:14:19] 设备正常，设备大小为 3138 M.
[2013/6/22 17:14:19] 设备正常，设备大小为 3138 M.
[2013/6/22 17:14:19] 设备正常，设备大小为 3138 M.
[2013/6/22 17:14:19] 设备正常，设备大小为 3138 M.
[2013/6/22 17:14:20] 设备正常，设备大小为 3138 M.
[2013/6/22 17:14:20] 设备正常，设备大小为 3138 M.
[2013/6/22 17:14:22] 正在格式化卡....
[2013/6/22 17:14:26] 开始烧写...
[2013/6/22 17:14:27] [烧写第一部分]烧写完成
[2013/6/22 17:14:28] [烧写第五部分]烧写完成
[2013/6/22 17:14:29] [MBR]烧写完成
[2013/6/22 17:14:31] [bootloader]烧写完成
[2013/6/22 17:16:59] [IMG File]烧写完成
[2013/6/22 17:17:0] [DATA File]烧写完成
[2013/6/22 17:17:0] [烧写第一部分]检验完成
[2013/6/22 17:17:0] [烧写第五部分]检验完成
[2013/6/22 17:17:0] [MBR]检验完成
[2013/6/22 17:17:1] [bootloader]检验完成
[2013/6/22 17:17:8] 设备正常，设备大小为 3138 M.
[2013/6/22 17:17:9] 设备正常，设备大小为 3138 M.
[2013/6/22 17:18:3] [IMG File]检验完成
[2013/6/22 17:18:3] [DATA File]检验完成
[2013/6/22 17:18:3] magic完成
[2013/6/22 17:18:3] 烧写结束...
[2013/6/22 17:18:28] 未发现卡
[2013/6/22 17:33:33] 设备正常，设备大小为 3138 M.
[2013/6/22 17:33:37] 设备正常，设备大小为 3138 M.
[2013/6/22 17:33:37] 设备正常，设备大小为 3138 M.
[2013/6/22 17:33:41] 正在格式化卡....
[2013/6/22 17:33:45] 开始烧写...
[2013/6/22 17:33:46] [烧写第一部分]烧写完成
[2013/6/22 17:33:47] [烧写第五部分]烧写完成
[2013/6/22 17:33:48] [MBR]烧写完成
[2013/6/22 17:33:50] [bootloader]烧写完成
[2013/6/22 17:33:57] [IMG File]烧写完成
[2013/6/22 17:33:58] [DATA File]烧写完成
[2013/6/22 17:33:58] [烧写第一部分]检验完成
[2013/6/22 17:33:58] [烧写第五部分]检验完成
[2013/6/22 17:33:58] [MBR]检验完成
[2013/6/22 17:33:59] [bootloader]检验完成
[2013/6/22 17:34:1] [IMG File]检验完成
[2013/6/22 17:34:1] [DATA File]检验完成
[2013/6/22 17:34:2] magic完成
[2013/6/22 17:34:2] 烧写结束...
[2013/6/22 17:34:5] 未发现卡
[2013/6/22 17:35:33] 设备正常，设备大小为 3693 M.
[2013/6/22 17:35:36] 设备正常，设备大小为 3693 M.
[2013/6/22 17:35:37] 设备正常，设备大小为 3693 M.
[2013/6/22 17:35:39] 设备正常，设备大小为 3693 M.
[2013/6/22 17:35:39] 设备正常，设备大小为 3693 M.
[2013/6/22 17:35:40] 正在格式化卡....
[2013/6/22 17:35:44] 开始烧写...
[2013/6/22 17:35:45] [烧写第一部分]烧写完成
[2013/6/22 17:35:46] [烧写第五部分]烧写完成
[2013/6/22 17:35:47] [MBR]烧写完成
[2013/6/22 17:35:49] [bootloader]烧写完成
[2013/6/22 17:35:56] [IMG File]烧写完成
[2013/6/22 17:35:57] [DATA File]烧写完成
[2013/6/22 17:35:57] [烧写第一部分]检验完成
[2013/6/22 17:35:57] [烧写第五部分]检验完成
[2013/6/22 17:35:57] [MBR]检验完成
[2013/6/22 17:35:58] [bootloader]检验完成
[2013/6/22 17:36:0] [IMG File]检验完成
[2013/6/22 17:36:0] [DATA File]检验完成
[2013/6/22 17:36:1] magic完成
[2013/6/22 17:36:1] 烧写结束...
[2013/6/22 17:36:3] 未发现卡
[2013/6/22 17:39:20] 设备正常，设备大小为 3693 M.
[2013/6/22 17:39:22] 未发现卡
[2013/6/22 17:39:22] 未发现卡
[2013/6/22 17:39:22] 未发现卡
[2013/6/22 17:39:22] 未发现卡
[2013/6/22 17:39:23] 未发现卡
[2013/6/22 17:39:23] 未发现卡
[2013/6/22 17:39:23] 未发现卡
[2013/6/22 17:39:24] 设备正常，设备大小为 3693 M.
[2013/6/22 17:39:24] 设备正常，设备大小为 3693 M.
[2013/6/22 17:39:25] 设备正常，设备大小为 3693 M.
[2013/6/22 17:39:25] 设备正常，设备大小为 3693 M.
[2013/6/22 17:39:25] 设备正常，设备大小为 3693 M.
[2013/6/22 17:39:26] 正在格式化卡....
[2013/6/22 17:39:30] 开始烧写...
[2013/6/22 17:39:31] [烧写第一部分]烧写完成
[2013/6/22 17:39:32] [烧写第五部分]烧写完成
[2013/6/22 17:39:33] [MBR]烧写完成
[2013/6/22 17:39:35] [bootloader]烧写完成
[2013/6/22 17:39:42] [IMG File]烧写完成
[2013/6/22 17:39:43] [DATA File]烧写完成
[2013/6/22 17:39:43] [烧写第一部分]检验完成
[2013/6/22 17:39:43] [烧写第五部分]检验完成
[2013/6/22 17:39:43] [MBR]检验完成
[2013/6/22 17:39:44] [bootloader]检验完成
[2013/6/22 17:39:46] [IMG File]检验完成
[2013/6/22 17:39:46] [DATA File]检验完成
[2013/6/22 17:39:47] magic完成
[2013/6/22 17:39:47] 烧写结束...
[2013/6/22 17:39:49] 未发现卡
[2013/6/22 17:40:50] 设备正常，设备大小为 3693 M.
[2013/6/22 17:40:52] 未发现卡
[2013/6/22 17:40:52] 未发现卡
[2013/6/22 17:40:53] 未发现卡
[2013/6/22 17:40:53] 设备正常，设备大小为 3693 M.
[2013/6/22 17:40:53] 设备正常，设备大小为 3693 M.
[2013/6/22 17:40:53] 设备正常，设备大小为 3693 M.
[2013/6/22 17:40:53] 设备正常，设备大小为 3693 M.
[2013/6/22 17:40:54] 正在格式化卡....
[2013/6/22 17:40:58] 开始烧写...
[2013/6/22 17:40:59] [烧写第一部分]烧写完成
[2013/6/22 17:41:0] [烧写第五部分]烧写完成
[2013/6/22 17:41:1] [MBR]烧写完成
[2013/6/22 17:41:3] [bootloader]烧写完成
[2013/6/22 17:41:10] [IMG File]烧写完成
[2013/6/22 17:41:11] [DATA File]烧写完成
[2013/6/22 17:41:11] [烧写第一部分]检验完成
[2013/6/22 17:41:11] [烧写第五部分]检验完成
[2013/6/22 17:41:11] [MBR]检验完成
[2013/6/22 17:41:12] [bootloader]检验完成
[2013/6/22 17:41:14] [IMG File]检验完成
[2013/6/22 17:41:14] [DATA File]检验完成
[2013/6/22 17:41:15] magic完成
[2013/6/22 17:41:15] 烧写结束...
[2013/6/22 17:41:27] 未发现卡
[2013/6/22 17:44:27] 设备正常，设备大小为 3693 M.
[2013/6/22 17:44:29] 未发现卡
[2013/6/22 17:44:30] 未发现卡
[2013/6/22 17:44:30] 未发现卡
[2013/6/22 17:44:30] 未发现卡
[2013/6/22 17:44:30] 未发现卡
[2013/6/22 17:44:31] 未发现卡
[2013/6/22 17:44:31] 设备正常，设备大小为 3693 M.
[2013/6/22 17:44:32] 设备正常，设备大小为 3693 M.
[2013/6/22 17:44:32] 设备正常，设备大小为 3693 M.
[2013/6/22 17:44:33] 设备正常，设备大小为 3693 M.
[2013/6/22 17:44:33] 设备正常，设备大小为 3693 M.
[2013/6/22 17:44:33] 设备正常，设备大小为 3693 M.
[2013/6/22 17:44:34] 正在格式化卡....
[2013/6/22 17:44:38] 开始烧写...
[2013/6/22 17:44:39] [烧写第一部分]烧写完成
[2013/6/22 17:44:40] [烧写第五部分]烧写完成
[2013/6/22 17:44:41] [MBR]烧写完成
[2013/6/22 17:44:43] [bootloader]烧写完成
[2013/6/22 17:44:50] [IMG File]烧写完成
[2013/6/22 17:44:51] [DATA File]烧写完成
[2013/6/22 17:44:51] [烧写第一部分]检验完成
[2013/6/22 17:44:51] [烧写第五部分]检验完成
[2013/6/22 17:44:51] [MBR]检验完成
[2013/6/22 17:44:52] [bootloader]检验完成
[2013/6/22 17:44:54] [IMG File]检验完成
[2013/6/22 17:44:54] [DATA File]检验完成
[2013/6/22 17:44:55] magic完成
[2013/6/22 17:44:55] 烧写结束...
[2013/6/22 17:44:57] 未发现卡
[2013/6/22 17:46:14] 设备正常，设备大小为 3693 M.
[2013/6/22 17:46:16] 未发现卡
[2013/6/22 17:46:16] 未发现卡
[2013/6/22 17:46:16] 未发现卡
[2013/6/22 17:46:16] 未发现卡
[2013/6/22 17:46:16] 未发现卡
[2013/6/22 17:46:17] 未发现卡
[2013/6/22 17:46:17] 未发现卡
[2013/6/22 17:46:17] 设备正常，设备大小为 3693 M.
[2013/6/22 17:46:18] 设备正常，设备大小为 3693 M.
[2013/6/22 17:46:18] 设备正常，设备大小为 3693 M.
[2013/6/22 17:46:19] 正在格式化卡....
[2013/6/22 17:46:23] 开始烧写...
[2013/6/22 17:46:24] [烧写第一部分]烧写完成
[2013/6/22 17:46:25] [烧写第五部分]烧写完成
[2013/6/22 17:46:26] [MBR]烧写完成
[2013/6/22 17:46:28] [bootloader]烧写完成
[2013/6/22 17:46:35] [IMG File]烧写完成
[2013/6/22 17:46:36] [DATA File]烧写完成
[2013/6/22 17:46:36] [烧写第一部分]检验完成
[2013/6/22 17:46:36] [烧写第五部分]检验完成
[2013/6/22 17:46:36] [MBR]检验完成
[2013/6/22 17:46:37] [bootloader]检验完成
[2013/6/22 17:46:39] [IMG File]检验完成
[2013/6/22 17:46:39] [DATA File]检验完成
[2013/6/22 17:46:40] magic完成
[2013/6/22 17:46:40] 烧写结束...
[2013/6/22 17:46:47] 未发现卡
[2013/6/22 17:48:12] 设备正常，设备大小为 3693 M.
[2013/6/22 17:48:14] 未发现卡
[2013/6/22 17:48:15] 未发现卡
[2013/6/22 17:48:15] 设备正常，设备大小为 3693 M.
[2013/6/22 17:48:15] 设备正常，设备大小为 3693 M.
[2013/6/22 17:48:16] 设备正常，设备大小为 3693 M.
[2013/6/22 17:48:16] 设备正常，设备大小为 3693 M.
[2013/6/22 17:48:16] 设备正常，设备大小为 3693 M.
[2013/6/22 17:48:16] 设备正常，设备大小为 3693 M.
[2013/6/22 17:48:16] 设备正常，设备大小为 3693 M.
[2013/6/22 17:48:17] 正在格式化卡....
[2013/6/22 17:48:21] 开始烧写...
[2013/6/22 17:48:22] [烧写第一部分]烧写完成
[2013/6/22 17:48:23] [烧写第五部分]烧写完成
[2013/6/22 17:48:23] [MBR]烧写完成
[2013/6/22 17:48:25] [bootloader]烧写完成
[2013/6/22 17:48:32] [IMG File]烧写完成
[2013/6/22 17:48:33] [DATA File]烧写完成
[2013/6/22 17:48:33] [烧写第一部分]检验完成
[2013/6/22 17:48:33] [烧写第五部分]检验完成
[2013/6/22 17:48:33] [MBR]检验完成
[2013/6/22 17:48:34] [bootloader]检验完成
[2013/6/22 17:48:36] [IMG File]检验完成
[2013/6/22 17:48:36] [DATA File]检验完成
[2013/6/22 17:48:37] magic完成
[2013/6/22 17:48:37] 烧写结束...
[2013/6/22 17:48:39] 未发现卡
[2013/6/22 17:49:26] 设备正常，设备大小为 3693 M.
[2013/6/22 17:49:30] 设备正常，设备大小为 3693 M.
[2013/6/22 17:49:31] 设备正常，设备大小为 3693 M.
[2013/6/22 17:49:36] 设备正常，设备大小为 3693 M.
[2013/6/22 17:49:36] 设备正常，设备大小为 3693 M.
[2013/6/22 17:49:36] 设备正常，设备大小为 3693 M.
[2013/6/22 17:49:37] 设备正常，设备大小为 3693 M.
[2013/6/22 17:49:38] 正在格式化卡....
[2013/6/22 17:49:42] 开始烧写...
[2013/6/22 17:49:43] [烧写第一部分]烧写完成
[2013/6/22 17:49:44] [烧写第五部分]烧写完成
[2013/6/22 17:49:45] [MBR]烧写完成
[2013/6/22 17:49:47] [bootloader]烧写完成
[2013/6/22 17:49:54] [IMG File]烧写完成
[2013/6/22 17:49:55] [DATA File]烧写完成
[2013/6/22 17:49:55] [烧写第一部分]检验完成
[2013/6/22 17:49:55] [烧写第五部分]检验完成
[2013/6/22 17:49:55] [MBR]检验完成
[2013/6/22 17:49:56] [bootloader]检验完成
[2013/6/22 17:49:58] [IMG File]检验完成
[2013/6/22 17:49:58] [DATA File]检验完成
[2013/6/22 17:49:59] magic完成
[2013/6/22 17:49:59] 烧写结束...
[2013/6/22 17:50:1] 未发现卡
[2013/6/22 17:52:40] 设备正常，设备大小为 3693 M.
[2013/6/22 17:52:43] 设备正常，设备大小为 3693 M.
[2013/6/22 17:52:45] 设备正常，设备大小为 3693 M.
[2013/6/22 17:52:55] 设备正常，设备大小为 3693 M.
[2013/6/22 17:52:55] 设备正常，设备大小为 3693 M.
[2013/6/22 17:52:55] 设备正常，设备大小为 3693 M.
[2013/6/22 17:52:55] 设备正常，设备大小为 3693 M.
[2013/6/22 17:52:56] 正在格式化卡....
[2013/6/22 17:53:0] 开始烧写...
[2013/6/22 17:53:1] [烧写第一部分]烧写完成
[2013/6/22 17:53:2] [烧写第五部分]烧写完成
[2013/6/22 17:53:3] [MBR]烧写完成
[2013/6/22 17:53:5] [bootloader]烧写完成
[2013/6/22 17:53:12] [IMG File]烧写完成
[2013/6/22 17:53:13] [DATA File]烧写完成
[2013/6/22 17:53:13] [烧写第一部分]检验完成
[2013/6/22 17:53:13] [烧写第五部分]检验完成
[2013/6/22 17:53:13] [MBR]检验完成
[2013/6/22 17:53:14] [bootloader]检验完成
[2013/6/22 17:53:16] [IMG File]检验完成
[2013/6/22 17:53:16] [DATA File]检验完成
[2013/6/22 17:53:18] magic完成
[2013/6/22 17:53:18] 烧写结束...
[2013/6/22 17:53:23] 未发现卡
[2013/6/22 17:58:21] 设备正常
[2013/6/22 17:58:23] 发现有2个存储设备，请选择正确的存储设备
[2013/6/22 17:58:24] 发现有3个存储设备，请选择正确的存储设备
[2013/6/22 17:58:25] 发现有3个存储设备，请选择正确的存储设备
[2013/6/22 17:58:25] 发现有3个存储设备，请选择正确的存储设备
[2013/6/22 17:58:31] 发现有3个存储设备，请选择正确的存储设备
[2013/6/22 17:58:31] 发现有3个存储设备，请选择正确的存储设备
[2013/6/22 17:58:35] 发现有3个存储设备，请选择正确的存储设备
[2013/6/22 17:58:36] 发现有3个存储设备，请选择正确的存储设备
[2013/6/22 17:58:51] 未发现卡
[2013/6/24 11:11:19] 发现有2个存储设备，请选择正确的存储设备
[2018/11/18 9:22:19] 未发现卡
[2018/11/18 9:22:42] 设备正常，设备大小为 15 M.
[2018/11/18 9:22:48] 设备正常，设备大小为 15 M.
[2018/11/18 9:22:53] 正在格式化卡到正常状态....
[2018/11/18 9:22:53] 格式化卡到正常状态成功
[2018/11/18 9:22:58] 设备正常
[2018/11/18 9:22:59] 设备正常，设备大小为 1882 M.
[2018/11/18 9:22:59] 设备正常，设备大小为 1882 M.
[2018/11/18 9:23:16] 正在格式化卡....
[2018/11/18 9:23:17] 开始烧写...
[2018/11/18 9:23:17] [锟斤拷写锟斤拷一锟斤拷锟斤拷]烧写完成
[2018/11/18 9:23:17] [锟斤拷写锟斤拷锟藉部锟斤拷]烧写完成
[2018/11/18 9:23:17] [MBR]烧写完成
[2018/11/18 9:23:18] [boot-resource]烧写完成
[2018/11/18 9:23:24] [IMG File]烧写完成
[2018/11/18 9:23:25] [DATA File]烧写完成
[2018/11/18 9:23:25] [锟斤拷写锟斤拷一锟斤拷锟斤拷]检验完成
[2018/11/18 9:23:25] [锟斤拷写锟斤拷锟藉部锟斤拷]检验完成
[2018/11/18 9:23:25] [MBR]检验完成
[2018/11/18 9:23:25] [boot-resource]检验完成
[2018/11/18 9:23:25] [IMG File]检验完成
[2018/11/18 9:23:25] [DATA File]检验完成
[2018/11/18 9:23:25] magic完成
[2018/11/18 9:23:25] 烧写结束...
[2018/11/18 9:23:40] 未发现卡
[2018/11/18 9:24:53] 设备正常，设备大小为 1784 M.
[2018/11/18 9:25:7] 设备正常，设备大小为 1784 M.
[2018/11/18 9:25:15] 正在格式化卡到正常状态....
[2018/11/18 9:25:15] 格式化卡到正常状态成功
[2018/11/18 9:25:18] 正在格式化卡....
[2018/11/18 9:25:21] 开始烧写...
[2018/11/18 9:25:21] [锟斤拷写锟斤拷一锟斤拷锟斤拷]烧写完成
[2018/11/18 9:25:21] [锟斤拷写锟斤拷锟藉部锟斤拷]烧写完成
[2018/11/18 9:25:21] [MBR]烧写完成
[2018/11/18 9:25:22] [boot-resource]烧写完成
[2018/11/18 9:25:22] [env]烧写完成
[2018/11/18 9:25:24] [boot]烧写完成
[2018/11/18 9:25:24] [DATA File]烧写完成
[2018/11/18 9:25:24] [锟斤拷写锟斤拷一锟斤拷锟斤拷]检验完成
[2018/11/18 9:25:24] [锟斤拷写锟斤拷锟藉部锟斤拷]检验完成
[2018/11/18 9:25:24] [MBR]检验完成
[2018/11/18 9:25:24] [boot-resource]检验完成
[2018/11/18 9:25:24] [env]检验完成
[2018/11/18 9:25:24] [boot]检验完成
[2018/11/18 9:25:24] [DATA File]检验完成
[2018/11/18 9:25:24] magic完成
[2018/11/18 9:25:24] 烧写结束...
[2018/11/18 9:35:19] 未发现卡
[2018/11/18 9:35:33] 设备正常，设备大小为 127 M.
[2018/11/18 9:35:43] 正在格式化卡到正常状态....
[2018/11/18 9:35:44] 格式化卡到正常状态成功
[2018/11/18 9:35:47] 正在格式化卡到正常状态....
[2018/11/18 9:35:48] 格式化卡到正常状态成功
[2018/11/18 9:35:50] 设备正常，设备大小为 127 M.
[2018/11/18 9:35:54] 正在格式化卡到正常状态....
[2018/11/18 9:35:55] 格式化卡到正常状态成功
[2018/11/18 9:35:58] 设备正常，设备大小为 127 M.
[2018/11/18 9:36:3] 正在格式化卡到正常状态....
[2018/11/18 9:36:3] 格式化卡到正常状态成功
[2018/11/18 9:36:5] 正在格式化卡....
[2018/11/18 9:36:11] 正在格式化卡....
[2018/11/18 9:39:35] 设备正常，设备大小为 1883 M.
[2018/11/18 9:39:40] 设备正常，设备大小为 1883 M.
[2018/11/18 9:39:41] 正在格式化卡到正常状态....
[2018/11/18 9:39:42] 格式化卡到正常状态成功
[2018/11/18 9:39:46] 正在格式化卡....
[2018/11/18 9:40:10] 未发现卡
[2018/11/18 9:40:13] 设备正常
[2018/11/18 9:40:22] 设备正常
[2018/11/18 9:40:23] 正在格式化卡到正常状态....
[2018/11/18 9:40:24] 格式化卡到正常状态成功
[2018/11/18 9:40:29] 正在格式化卡....
[2018/11/18 9:40:34] 开始烧写...
[2018/11/18 9:40:34] [锟斤拷写锟斤拷一锟斤拷锟斤拷]烧写完成
[2018/11/18 9:40:34] [锟斤拷写锟斤拷锟藉部锟斤拷]烧写完成
[2018/11/18 9:40:34] [MBR]烧写完成
[2018/11/18 9:40:36] [boot-resource]烧写完成
[2018/11/18 9:40:36] [env]烧写完成
[2018/11/18 9:40:39] [boot]烧写完成
[2018/11/18 9:40:39] [DATA File]烧写完成
[2018/11/18 9:40:39] [锟斤拷写锟斤拷一锟斤拷锟斤拷]检验完成
[2018/11/18 9:40:39] [锟斤拷写锟斤拷锟藉部锟斤拷]检验完成
[2018/11/18 9:40:39] [MBR]检验完成
[2018/11/18 9:40:39] [boot-resource]检验完成
[2018/11/18 9:40:39] [env]检验完成
[2018/11/18 9:40:39] [boot]检验完成
[2018/11/18 9:40:39] [DATA File]检验完成
[2018/11/18 9:40:39] magic完成
[2018/11/18 9:40:39] 烧写结束...
[2018/11/18 9:40:42] 设备正常，设备大小为 953 M.
[2018/11/18 15:12:34] 设备正常
[2018/11/18 15:12:42] 正在格式化卡....
[2018/11/18 15:12:46] 正在格式化卡到正常状态....
[2018/11/18 15:12:46] 格式化卡到正常状态失败
[2018/11/18 15:12:49] 正在格式化卡....
[2018/11/18 15:12:56] 未发现卡
[2018/11/18 15:12:58] 未发现卡
[2018/11/18 15:12:59] 设备正常，设备大小为 127 M.
[2018/11/18 15:13:1] 正在格式化卡到正常状态....
[2018/11/18 15:13:2] 格式化卡到正常状态成功
[2018/11/18 15:13:4] 设备正常，设备大小为 127 M.
[2018/11/18 15:13:9] 正在格式化卡....
[2018/11/18 15:13:24] 正在格式化卡到正常状态....
[2018/11/18 15:13:24] 格式化卡到正常状态失败
[2018/11/18 15:13:30] 未发现卡
[2018/11/18 15:13:32] 未发现卡
[2018/11/18 15:13:32] 设备正常
[2018/11/18 15:13:35] 正在格式化卡到正常状态....
[2018/11/18 15:13:36] 格式化卡到正常状态成功
[2018/11/18 15:13:37] 设备正常，设备大小为 953 M.
[2018/11/18 15:13:37] 设备正常，设备大小为 953 M.
[2018/11/18 15:13:47] 正在格式化卡....
[2018/11/18 15:13:53] 开始烧写...
[2018/11/18 15:13:53] [锟斤拷写锟斤拷一锟斤拷锟斤拷]烧写完成
[2018/11/18 15:13:53] [锟斤拷写锟斤拷锟藉部锟斤拷]烧写完成
[2018/11/18 15:13:53] [MBR]烧写完成
[2018/11/18 15:13:55] [boot-resource]烧写完成
[2018/11/18 15:13:55] [env]烧写完成
[2018/11/18 15:13:58] [boot]烧写完成
[2018/11/18 15:13:58] [DATA File]烧写完成
[2018/11/18 15:13:58] [锟斤拷写锟斤拷一锟斤拷锟斤拷]检验完成
[2018/11/18 15:13:58] [锟斤拷写锟斤拷锟藉部锟斤拷]检验完成
[2018/11/18 15:13:58] [MBR]检验完成
[2018/11/18 15:13:58] [boot-resource]检验完成
[2018/11/18 15:13:58] [env]检验完成
[2018/11/18 15:13:58] [boot]检验完成
[2018/11/18 15:13:58] [DATA File]检验完成
[2018/11/18 15:13:58] magic完成
[2018/11/18 15:13:58] 烧写结束...
[2018/11/18 15:14:6] 设备正常
[2018/11/18 15:14:7] 设备正常
[2018/11/18 15:14:9] 正在格式化卡到正常状态....
[2018/11/18 15:14:9] 格式化卡到正常状态成功
[2018/11/18 15:14:11] 设备正常，设备大小为 1882 M.
[2018/11/18 15:14:11] 设备正常，设备大小为 1882 M.
[2018/11/18 15:14:24] 正在格式化卡到正常状态....
[2018/11/18 15:14:24] 格式化卡到正常状态成功
[2018/11/18 15:14:27] 正在格式化卡....
[2018/11/18 15:14:32] 正在格式化卡到正常状态....
[2018/11/18 15:14:32] 格式化卡到正常状态失败
[2018/11/18 15:14:38] 设备正常，设备大小为 1882 M.
[2018/11/18 15:14:39] 设备正常，设备大小为 1882 M.
[2018/11/18 15:14:40] 正在格式化卡到正常状态....
[2018/11/18 15:14:40] 格式化卡到正常状态失败
[2018/11/18 15:14:46] 正在格式化卡到正常状态....
[2018/11/18 15:14:46] 格式化卡到正常状态失败
[2018/11/18 15:15:32] 设备正常，设备大小为 1923 M.
[2018/11/18 15:15:33] 设备正常，设备大小为 1923 M.
[2018/11/18 15:15:35] 正在格式化卡到正常状态....
[2018/11/18 15:15:37] 格式化卡到正常状态成功
[2018/11/18 15:15:41] 正在格式化卡....
[2018/11/18 15:15:42] 正在格式化卡到正常状态....
[2018/11/18 15:15:42] 格式化卡到正常状态失败
[2018/11/18 15:15:44] 正在格式化卡....
[2018/11/18 15:15:59] 未发现卡
[2018/11/18 15:16:47] 设备正常，设备大小为 127 M.
[2018/11/18 15:16:47] 设备正常，设备大小为 127 M.
[2018/11/18 15:16:50] 正在格式化卡到正常状态....
[2018/11/18 15:16:51] 格式化卡到正常状态成功
[2018/11/18 15:17:4] 正在格式化卡....
[2018/11/18 15:17:5] 开始烧写...
[2018/11/18 15:17:6] [锟斤拷写锟斤拷一锟斤拷锟斤拷]烧写完成
[2018/11/18 15:17:6] [锟斤拷写锟斤拷锟藉部锟斤拷]烧写完成
[2018/11/18 15:17:6] [MBR]烧写完成
[2018/11/18 15:17:7] [boot-resource]烧写完成
[2018/11/18 15:17:18] 未发现卡
[2018/11/18 15:17:18] [IMG File]烧写失败
[2018/11/18 15:17:18] 处理出错
[2018/11/18 15:17:26] 未发现卡
[2018/11/18 15:17:54] 设备正常，设备大小为 949 M.
[2018/11/18 15:18:7] 正在格式化卡....
[2018/11/18 15:18:12] 开始烧写...
[2018/11/18 15:18:12] [锟斤拷写锟斤拷一锟斤拷锟斤拷]烧写完成
[2018/11/18 15:18:13] [锟斤拷写锟斤拷锟藉部锟斤拷]烧写完成
[2018/11/18 15:18:13] [MBR]烧写完成
[2018/11/18 15:18:14] [boot-resource]烧写完成
[2018/11/18 15:18:14] [env]烧写完成
[2018/11/18 15:18:17] [boot]烧写完成
[2018/11/18 15:18:17] [DATA File]烧写完成
[2018/11/18 15:18:17] [锟斤拷写锟斤拷一锟斤拷锟斤拷]检验完成
[2018/11/18 15:18:17] [锟斤拷写锟斤拷锟藉部锟斤拷]检验完成
[2018/11/18 15:18:17] [MBR]检验完成
[2018/11/18 15:18:17] [boot-resource]检验完成
[2018/11/18 15:18:17] [env]检验完成
[2018/11/18 15:18:17] [boot]检验完成
[2018/11/18 15:18:17] [DATA File]检验完成
[2018/11/18 15:18:17] magic完成
[2018/11/18 15:18:17] 烧写结束...
[2019/7/27 20:13:30] 未发现卡
[2020/1/18 20:34:13] 未发现卡
[2020/1/18 20:34:14] 未发现卡
